runTests.sh: phpstan config: phpstan.neon is not the standard location (Build/phpstan/phpstan.neon)
runTests.sh: rector config: rector.php is not the standard location (Build/rector/rector.php)
runTests.sh: fractor config: fractor.php is not the standard location (Build/fractor/fractor.php)
runTests.sh: infection config: infection.json5 is not the standard location (infection.json.dist)
OK: 0 legacy tests allow-listed, no new violations.
OK: 206 documented vault:* example(s) and 66 documented option(s) match their command signatures (17 commands).
  PASS  clean list passes
  PASS  invented option is caught
          fixture.rst:16: 'vault:demo' documents '--expires', which the command does not declare (real options: --file, --force, --value)
  PASS  wrong short form is caught
          fixture.rst:13: 'vault:demo' documents '--force, -f'; the real signature is '--force, -o'
  PASS  malformed term is caught
          fixture.rst:10: 'vault:demo' has a malformed option term '--file=PATH, -f =PATH' (expected '--name=VALUE, -x VALUE', '--name=VALUE' or '--name')
  PASS  global option is rejected, not whitelisted
          fixture.rst:16: 'vault:demo' documents the global option '--quiet' as its own — Symfony adds it to every command, so a per-command entry claims semantics it does not have (this is how -q was documented as a scripting flag; it suppresses the output). Remove the entry.
  PASS  omitted real option is caught
          fixture.rst:1: 'vault:demo' does not document '--file=VALUE, -f VALUE'
  PASS  value option written as a flag is caught
          fixture.rst:7: 'vault:demo' documents '--value'; the real signature is '--value=VALUE'
  PASS  flag written as a value option is caught
          fixture.rst:13: 'vault:demo' documents '--force=BOOL, -o BOOL'; the real signature is '--force, -o'
  PASS  short placeholder disagreeing with the long one is caught
          fixture.rst:10: 'vault:demo' documents '--file=PATH, -f FILE'; the real signature is '--file=PATH, -f PATH'
  PASS  duplicate entry is caught
          fixture.rst:16: 'vault:demo' documents '--force' twice (also on line 13)
  PASS  command section without an Options list is skipped, not flagged
  PASS  section for a command that does not exist is caught
          fixture.rst:1: documents unknown command 'vault:ghost'
  PASS  definition list outside the Options section is ignored
  PASS  a documented command satisfies coverage
  PASS  a command documented nowhere is caught
          no Options list documents 'vault:demo', which declares 3 option(s): --value, --file, --force
  PASS  a command without options needs no Options list

OK: all 16 CLI-docs guard self-check(s) behaved as specified.
OK: evidence collector self-checks passed (manifest schema, graceful degradation, malformed-artifact handling, render, reproducibility).

###########################################################################
Result of composer
Container runtime: docker
Environment: CI
PHP: 8.5
SUCCESS
###########################################################################

