PHPUnit 11.5.57 by Sebastian Bergmann and contributors.

Runtime:       PHP 8.5.10
Configuration: /guard/phpunit.xml

......FFF                                                           9 / 9 (100%)

Time: 00:00.292, Memory: 12.00 MB

There were 3 failures:

1) Netresearch\HttpGuard\Tests\Integration\DnsPolicyTransportTest::testUnknownComposerTupleIsRejectedBeforeNativeOrWireContact
{
    "status": "FAIL",
    "mode": "dependency_mismatch",
    "errorClass": null,
    "reasonCode": null,
    "forcedResolveSetFailures": 0,
    "transport": {
        "created": 1,
        "released": 1,
        "active": 0,
        "peak": 1,
        "nativeConstructed": 1
    },
    "zeroNewTcpAndHttp": false,
    "counterSource": "child_and_parent",
    "before": {
        "public-a": {
            "tcp": 126,
            "closed": 126,
            "requests": 126,
            "active": 0,
            "max_active": 3,
            "aborted": 8,
            "paths": {
                "\/echo": 74,
                "\/redirect-same": 8,
                "\/redirect-cross": 8,
                "\/slow": 16,
                "\/loop": 8,
                "\/redirect-downgrade": 4,
                "\/redirect-private-ip": 4,
                "\/large": 4
            },
            "sni": [
                "guard.test",
                "guard.test",
                "guard.test",
                "guard.test",
                "guard.test",
                "guard.test",
                "guard.test",
                "guard.test",
                "guard.test",
                "guard.test",
                "guard.test",
                "guard.test"
            ],
            "clients": [
                [
                    [
                        [
                            "commonName",
                            "HTTP Guard SYNTHETIC TEST CLIENT"
                        ]
                    ]
                ],
                [
                    [
                        [
                            "commonName",
                            "HTTP Guard SYNTHETIC TEST CLIENT"
                        ]
                    ]
                ],
                [
                    [
                        [
                            "commonName",
                            "HTTP Guard SYNTHETIC TEST CLIENT"
                        ]
                    ]
                ],
                [
                    [
                        [
                            "commonName",
                            "HTTP Guard SYNTHETIC TEST CLIENT"
                        ]
                    ]
                ]
            ]
        },
        "public-b": {
            "tcp": 14,
            "closed": 14,
            "requests": 14,
            "active": 0,
            "max_active": 2,
            "aborted": 0,
            "paths": {
                "\/echo": 4,
                "\/slow": 8,
                "http:\/\/guard.test:8090\/echo": 2
            },
            "sni": [],
            "clients": []
        },
        "private": {
            "tcp": 20,
            "closed": 20,
            "requests": 20,
            "active": 0,
            "max_active": 1,
            "aborted": 0,
            "paths": {
                "\/echo": 16,
                "\/redirect-post-get": 4
            },
            "sni": [],
            "clients": []
        }
    },
    "after": {
        "public-a": {
            "tcp": 127,
            "closed": 127,
            "requests": 127,
            "active": 0,
            "max_active": 3,
            "aborted": 8,
            "paths": {
                "\/echo": 75,
                "\/redirect-same": 8,
                "\/redirect-cross": 8,
                "\/slow": 16,
                "\/loop": 8,
                "\/redirect-downgrade": 4,
                "\/redirect-private-ip": 4,
                "\/large": 4
            },
            "sni": [
                "guard.test",
                "guard.test",
                "guard.test",
                "guard.test",
                "guard.test",
                "guard.test",
                "guard.test",
                "guard.test",
                "guard.test",
                "guard.test",
                "guard.test",
                "guard.test"
            ],
            "clients": [
                [
                    [
                        [
                            "commonName",
                            "HTTP Guard SYNTHETIC TEST CLIENT"
                        ]
                    ]
                ],
                [
                    [
                        [
                            "commonName",
                            "HTTP Guard SYNTHETIC TEST CLIENT"
                        ]
                    ]
                ],
                [
                    [
                        [
                            "commonName",
                            "HTTP Guard SYNTHETIC TEST CLIENT"
                        ]
                    ]
                ],
                [
                    [
                        [
                            "commonName",
                            "HTTP Guard SYNTHETIC TEST CLIENT"
                        ]
                    ]
                ]
            ]
        },
        "public-b": {
            "tcp": 14,
            "closed": 14,
            "requests": 14,
            "active": 0,
            "max_active": 2,
            "aborted": 0,
            "paths": {
                "\/echo": 4,
                "\/slow": 8,
                "http:\/\/guard.test:8090\/echo": 2
            },
            "sni": [],
            "clients": []
        },
        "private": {
            "tcp": 20,
            "closed": 20,
            "requests": 20,
            "active": 0,
            "max_active": 1,
            "aborted": 0,
            "paths": {
                "\/echo": 16,
                "\/redirect-post-get": 4
            },
            "sni": [],
            "clients": []
        }
    }
}

Failed asserting that 1 is identical to 0.

/guard/tests/Integration/DnsPolicyTransportTest.php:428
/guard/tests/Integration/DnsPolicyTransportTest.php:399

2) Netresearch\HttpGuard\Tests\Integration\DnsPolicyTransportTest::testMissingCurlAndMissingMultiCannotUseAnUncheckedStreamTransport
{
    "status": "FAIL",
    "mode": "missing_curl",
    "errorClass": null,
    "reasonCode": null,
    "forcedResolveSetFailures": 0,
    "transport": {
        "created": 1,
        "released": 1,
        "active": 0,
        "peak": 1,
        "nativeConstructed": 1
    },
    "zeroNewTcpAndHttp": false,
    "counterSource": "child_and_parent",
    "before": {
        "public-a": {
            "tcp": 127,
            "closed": 127,
            "requests": 127,
            "active": 0,
            "max_active": 3,
            "aborted": 8,
            "paths": {
                "\/echo": 75,
                "\/redirect-same": 8,
                "\/redirect-cross": 8,
                "\/slow": 16,
                "\/loop": 8,
                "\/redirect-downgrade": 4,
                "\/redirect-private-ip": 4,
                "\/large": 4
            },
            "sni": [
                "guard.test",
                "guard.test",
                "guard.test",
                "guard.test",
                "guard.test",
                "guard.test",
                "guard.test",
                "guard.test",
                "guard.test",
                "guard.test",
                "guard.test",
                "guard.test"
            ],
            "clients": [
                [
                    [
                        [
                            "commonName",
                            "HTTP Guard SYNTHETIC TEST CLIENT"
                        ]
                    ]
                ],
                [
                    [
                        [
                            "commonName",
                            "HTTP Guard SYNTHETIC TEST CLIENT"
                        ]
                    ]
                ],
                [
                    [
                        [
                            "commonName",
                            "HTTP Guard SYNTHETIC TEST CLIENT"
                        ]
                    ]
                ],
                [
                    [
                        [
                            "commonName",
                            "HTTP Guard SYNTHETIC TEST CLIENT"
                        ]
                    ]
                ]
            ]
        },
        "public-b": {
            "tcp": 14,
            "closed": 14,
            "requests": 14,
            "active": 0,
            "max_active": 2,
            "aborted": 0,
            "paths": {
                "\/echo": 4,
                "\/slow": 8,
                "http:\/\/guard.test:8090\/echo": 2
            },
            "sni": [],
            "clients": []
        },
        "private": {
            "tcp": 20,
            "closed": 20,
            "requests": 20,
            "active": 0,
            "max_active": 1,
            "aborted": 0,
            "paths": {
                "\/echo": 16,
                "\/redirect-post-get": 4
            },
            "sni": [],
            "clients": []
        }
    },
    "after": {
        "public-a": {
            "tcp": 128,
            "closed": 128,
            "requests": 128,
            "active": 0,
            "max_active": 3,
            "aborted": 8,
            "paths": {
                "\/echo": 76,
                "\/redirect-same": 8,
                "\/redirect-cross": 8,
                "\/slow": 16,
                "\/loop": 8,
                "\/redirect-downgrade": 4,
                "\/redirect-private-ip": 4,
                "\/large": 4
            },
            "sni": [
                "guard.test",
                "guard.test",
                "guard.test",
                "guard.test",
                "guard.test",
                "guard.test",
                "guard.test",
                "guard.test",
                "guard.test",
                "guard.test",
                "guard.test",
                "guard.test"
            ],
            "clients": [
                [
                    [
                        [
                            "commonName",
                            "HTTP Guard SYNTHETIC TEST CLIENT"
                        ]
                    ]
                ],
                [
                    [
                        [
                            "commonName",
                            "HTTP Guard SYNTHETIC TEST CLIENT"
                        ]
                    ]
                ],
                [
                    [
                        [
                            "commonName",
                            "HTTP Guard SYNTHETIC TEST CLIENT"
                        ]
                    ]
                ],
                [
                    [
                        [
                            "commonName",
                            "HTTP Guard SYNTHETIC TEST CLIENT"
                        ]
                    ]
                ]
            ]
        },
        "public-b": {
            "tcp": 14,
            "closed": 14,
            "requests": 14,
            "active": 0,
            "max_active": 2,
            "aborted": 0,
            "paths": {
                "\/echo": 4,
                "\/slow": 8,
                "http:\/\/guard.test:8090\/echo": 2
            },
            "sni": [],
            "clients": []
        },
        "private": {
            "tcp": 20,
            "closed": 20,
            "requests": 20,
            "active": 0,
            "max_active": 1,
            "aborted": 0,
            "paths": {
                "\/echo": 16,
                "\/redirect-post-get": 4
            },
            "sni": [],
            "clients": []
        }
    }
}

Failed asserting that 1 is identical to 0.

/guard/tests/Integration/DnsPolicyTransportTest.php:428
/guard/tests/Integration/DnsPolicyTransportTest.php:459

3) Netresearch\HttpGuard\Tests\Integration\DnsPolicyTransportTest::testActualIncomingProxyHeaderIsNotProcessProxyAuthority
Failed asserting that false is true.

/guard/tests/Integration/DnsPolicyTransportTest.php:541

FAILURES!
Tests: 9, Assertions: 155, Failures: 3.
