core13g7/wire-final: PASS exit0
core13g7/observe-wire-final: PASS exit0
core13g7/disabled-wire-final: PASS exit0
core13g7/ordinary-boot-factory-conflict-final: PASS exit1
core13g7/normal-doctor-final: PASS exit0
core13g7/normal-config-check-final: PASS exit0
core13g7/normal-legacy-report-final: PASS exit0
core13g7/normal-policy-check-final: PASS exit0
core13g7/invalid-mode-doctor-final: PASS exit3
core13g7/invalid-mode-config-check-final: PASS exit3
core13g7/invalid-mode-legacy-report-final: PASS exit3
core13g7/invalid-mode-policy-check-final: PASS exit3
core13g7/invalid-schema-doctor-final: PASS exit3
core13g7/invalid-schema-config-check-final: PASS exit3
core13g7/invalid-schema-legacy-report-final: PASS exit3
core13g7/invalid-schema-policy-check-final: PASS exit3
core13g7/object-doctor-final: PASS exit3
core13g7/object-config-check-final: PASS exit3
core13g7/object-legacy-report-final: PASS exit3
core13g7/object-policy-check-final: PASS exit3
core13g7/factory-conflict-doctor-final: PASS exit3
core13g7/factory-conflict-config-check-final: PASS exit3
core13g7/factory-conflict-legacy-report-final: PASS exit3
core13g7/factory-conflict-policy-check-final: PASS exit3
core13g7/observe-doctor-final: PASS exit2
core13g7/observe-config-check-final: PASS exit0
core13g7/observe-legacy-report-final: PASS exit0
core13g7/observe-policy-check-final: PASS exit0
core13g7/disabled-doctor-final: PASS exit2
core13g7/disabled-config-check-final: PASS exit0
core13g7/disabled-legacy-report-final: PASS exit0
core13g7/disabled-policy-check-final: PASS exit0
core13g7/policy-private-deny-final: PASS exit2
core13g7/policy-unverified-final: PASS exit4
core13g7/policy-explicit-endpoint-final: PASS exit0
core13g7/policy-userinfo-redacted-final: PASS exit2
core13g7/policy-empty-fragment-final: PASS exit2
core13g7/policy-raw-backslash-final: PASS exit2
core13g7/doctor-missing-curl-multi-final: PASS exit3
core13g7/doctor-mixed-no-proxy-final: PASS exit3
core13g7/review-overdue-doctor-final: PASS exit0
core13g7/review-overdue-config-check-final: PASS exit0
core13g8/wire-final: PASS exit0
core13g8/observe-wire-final: PASS exit0
core13g8/disabled-wire-final: PASS exit0
core13g8/ordinary-boot-factory-conflict-final: PASS exit1
core13g8/normal-doctor-final: PASS exit0
core13g8/normal-config-check-final: PASS exit0
core13g8/normal-legacy-report-final: PASS exit0
core13g8/normal-policy-check-final: PASS exit0
core13g8/invalid-mode-doctor-final: PASS exit3
core13g8/invalid-mode-config-check-final: PASS exit3
core13g8/invalid-mode-legacy-report-final: PASS exit3
core13g8/invalid-mode-policy-check-final: PASS exit3
core13g8/invalid-schema-doctor-final: PASS exit3
core13g8/invalid-schema-config-check-final: PASS exit3
core13g8/invalid-schema-legacy-report-final: PASS exit3
core13g8/invalid-schema-policy-check-final: PASS exit3
core13g8/object-doctor-final: PASS exit3
core13g8/object-config-check-final: PASS exit3
core13g8/object-legacy-report-final: PASS exit3
core13g8/object-policy-check-final: PASS exit3
core13g8/factory-conflict-doctor-final: PASS exit3
core13g8/factory-conflict-config-check-final: PASS exit3
core13g8/factory-conflict-legacy-report-final: PASS exit3
core13g8/factory-conflict-policy-check-final: PASS exit3
core13g8/observe-doctor-final: PASS exit2
core13g8/observe-config-check-final: PASS exit0
core13g8/observe-legacy-report-final: PASS exit0
core13g8/observe-policy-check-final: PASS exit0
core13g8/disabled-doctor-final: PASS exit2
core13g8/disabled-config-check-final: PASS exit0
core13g8/disabled-legacy-report-final: PASS exit0
core13g8/disabled-policy-check-final: PASS exit0
core13g8/policy-private-deny-final: PASS exit2
core13g8/policy-unverified-final: PASS exit4
core13g8/policy-explicit-endpoint-final: PASS exit0
core13g8/policy-userinfo-redacted-final: PASS exit2
core13g8/policy-empty-fragment-final: PASS exit2
core13g8/policy-raw-backslash-final: PASS exit2
core13g8/doctor-missing-curl-multi-final: PASS exit3
core13g8/doctor-mixed-no-proxy-final: PASS exit3
core13g8/review-overdue-doctor-final: PASS exit0
core13g8/review-overdue-config-check-final: PASS exit0
core14g7/wire-final: PASS exit0
core14g7/observe-wire-final: PASS exit0
core14g7/disabled-wire-final: PASS exit0
core14g7/ordinary-boot-factory-conflict-final: PASS exit1
core14g7/normal-doctor-final: PASS exit0
core14g7/normal-config-check-final: PASS exit0
core14g7/normal-legacy-report-final: PASS exit0
core14g7/normal-policy-check-final: PASS exit0
core14g7/invalid-mode-doctor-final: PASS exit3
core14g7/invalid-mode-config-check-final: PASS exit3
core14g7/invalid-mode-legacy-report-final: PASS exit3
core14g7/invalid-mode-policy-check-final: PASS exit3
core14g7/invalid-schema-doctor-final: PASS exit3
core14g7/invalid-schema-config-check-final: PASS exit3
core14g7/invalid-schema-legacy-report-final: PASS exit3
core14g7/invalid-schema-policy-check-final: PASS exit3
core14g7/object-doctor-final: PASS exit3
core14g7/object-config-check-final: PASS exit3
core14g7/object-legacy-report-final: PASS exit3
core14g7/object-policy-check-final: PASS exit3
core14g7/factory-conflict-doctor-final: PASS exit3
core14g7/factory-conflict-config-check-final: PASS exit3
core14g7/factory-conflict-legacy-report-final: PASS exit3
core14g7/factory-conflict-policy-check-final: PASS exit3
core14g7/observe-doctor-final: PASS exit2
core14g7/observe-config-check-final: PASS exit0
core14g7/observe-legacy-report-final: PASS exit0
core14g7/observe-policy-check-final: PASS exit0
core14g7/disabled-doctor-final: PASS exit2
core14g7/disabled-config-check-final: PASS exit0
core14g7/disabled-legacy-report-final: PASS exit0
core14g7/disabled-policy-check-final: PASS exit0
core14g7/policy-private-deny-final: PASS exit2
core14g7/policy-unverified-final: PASS exit4
core14g7/policy-explicit-endpoint-final: PASS exit0
core14g7/policy-userinfo-redacted-final: PASS exit2
core14g7/policy-empty-fragment-final: PASS exit2
core14g7/policy-raw-backslash-final: PASS exit2
core14g7/doctor-missing-curl-multi-final: PASS exit3
core14g7/doctor-mixed-no-proxy-final: PASS exit3
core14g7/review-overdue-doctor-final: PASS exit0
core14g7/review-overdue-config-check-final: PASS exit0
core14g8/wire-final: PASS exit0
core14g8/observe-wire-final: PASS exit0
core14g8/disabled-wire-final: PASS exit0
core14g8/ordinary-boot-factory-conflict-final: PASS exit1
core14g8/normal-doctor-final: PASS exit0
core14g8/normal-config-check-final: PASS exit0
core14g8/normal-legacy-report-final: PASS exit0
core14g8/normal-policy-check-final: PASS exit0
core14g8/invalid-mode-doctor-final: PASS exit3
core14g8/invalid-mode-config-check-final: PASS exit3
core14g8/invalid-mode-legacy-report-final: PASS exit3
core14g8/invalid-mode-policy-check-final: PASS exit3
core14g8/invalid-schema-doctor-final: PASS exit3
core14g8/invalid-schema-config-check-final: PASS exit3
core14g8/invalid-schema-legacy-report-final: PASS exit3
core14g8/invalid-schema-policy-check-final: PASS exit3
core14g8/object-doctor-final: PASS exit3
core14g8/object-config-check-final: PASS exit3
core14g8/object-legacy-report-final: PASS exit3
core14g8/object-policy-check-final: PASS exit3
core14g8/factory-conflict-doctor-final: PASS exit3
core14g8/factory-conflict-config-check-final: PASS exit3
core14g8/factory-conflict-legacy-report-final: PASS exit3
core14g8/factory-conflict-policy-check-final: PASS exit3
core14g8/observe-doctor-final: PASS exit2
core14g8/observe-config-check-final: PASS exit0
core14g8/observe-legacy-report-final: PASS exit0
core14g8/observe-policy-check-final: PASS exit0
core14g8/disabled-doctor-final: PASS exit2
core14g8/disabled-config-check-final: PASS exit0
core14g8/disabled-legacy-report-final: PASS exit0
core14g8/disabled-policy-check-final: PASS exit0
core14g8/policy-private-deny-final: PASS exit2
core14g8/policy-unverified-final: PASS exit4
core14g8/policy-explicit-endpoint-final: PASS exit0
core14g8/policy-userinfo-redacted-final: PASS exit2
core14g8/policy-empty-fragment-final: PASS exit2
core14g8/policy-raw-backslash-final: PASS exit2
core14g8/doctor-missing-curl-multi-final: PASS exit3
core14g8/doctor-mixed-no-proxy-final: PASS exit3
core14g8/review-overdue-doctor-final: PASS exit0
core14g8/review-overdue-config-check-final: PASS exit0
