test_blob_replace_reference_cannot_substitute_release_data (test_build_extension.ReleasedPackageDataTest.test_blob_replace_reference_cannot_substitute_release_data) ... ok
test_commit_replace_reference_cannot_substitute_release_tree (test_build_extension.ReleasedPackageDataTest.test_commit_replace_reference_cannot_substitute_release_tree) ... ok
test_gitlink_in_packaged_directory_is_rejected (test_build_extension.ReleasedPackageDataTest.test_gitlink_in_packaged_directory_is_rejected) ... ok
test_historical_code_and_worktree_changes_cannot_affect_package (test_build_extension.ReleasedPackageDataTest.test_historical_code_and_worktree_changes_cannot_affect_package) ... ok
test_required_directory_symlink_is_rejected (test_build_extension.ReleasedPackageDataTest.test_required_directory_symlink_is_rejected) ... ok
test_revision_must_be_a_full_commit_object (test_build_extension.ReleasedPackageDataTest.test_revision_must_be_a_full_commit_object) ... ok
test_selected_symlink_is_rejected_before_reading_target (test_build_extension.ReleasedPackageDataTest.test_selected_symlink_is_rejected_before_reading_target) ... ok
test_absolute_path_becomes_portable_without_altering_measured_lines (test_coverage_paths.CoveragePathsTest.test_absolute_path_becomes_portable_without_altering_measured_lines) ... ok
test_document_type_is_rejected_before_report_changes (test_coverage_paths.CoveragePathsTest.test_document_type_is_rejected_before_report_changes) ... ok
test_empty_report_is_a_failure (test_coverage_paths.CoveragePathsTest.test_empty_report_is_a_failure) ... ok
test_unrelated_source_cannot_be_published_as_production_coverage (test_coverage_paths.CoveragePathsTest.test_unrelated_source_cannot_be_published_as_production_coverage) ... ok
test_failed_source_inventory_iteration_cannot_pass (test_fixture_diagnostics.FixtureDiagnosticsTest.test_failed_source_inventory_iteration_cannot_pass) ... ok
test_filesystem_error_has_fixed_code_without_message_or_path (test_fixture_diagnostics.FixtureDiagnosticsTest.test_filesystem_error_has_fixed_code_without_message_or_path) ... ok
test_fixture_failure_retains_generic_diagnostic (test_fixture_diagnostics.FixtureDiagnosticsTest.test_fixture_failure_retains_generic_diagnostic) ... ok
test_string_errno_cannot_become_a_diagnostic (test_fixture_diagnostics.FixtureDiagnosticsTest.test_string_errno_cannot_become_a_diagnostic) ... ok
test_unicode_failure_retains_generic_diagnostic (test_fixture_diagnostics.FixtureDiagnosticsTest.test_unicode_failure_retains_generic_diagnostic) ... ok
test_unknown_errno_has_fixed_diagnostic (test_fixture_diagnostics.FixtureDiagnosticsTest.test_unknown_errno_has_fixed_diagnostic) ... ok
test_additional_private_key_path_is_denied (test_fixture_diagnostics.FixtureIntegrityTest.test_additional_private_key_path_is_denied) ... ok
test_additional_scanner_excluded_suffix_is_denied (test_fixture_diagnostics.FixtureIntegrityTest.test_additional_scanner_excluded_suffix_is_denied) ... ok
test_changed_fixture_bytes_are_denied (test_fixture_diagnostics.FixtureIntegrityTest.test_changed_fixture_bytes_are_denied) ... ok
test_exact_public_fixture_chain_passes (test_fixture_diagnostics.FixtureIntegrityTest.test_exact_public_fixture_chain_passes) ... ok
test_credential_shaped_digest_assignments_remain_blocked (test_fixture_source_staging.FixtureSourceStagingTest.test_credential_shaped_digest_assignments_remain_blocked) ... ok
test_public_fixture_validator_source_can_be_staged (test_fixture_source_staging.FixtureSourceStagingTest.test_public_fixture_validator_source_can_be_staged) ... ok
test_container_receives_fixture_argv_and_probes_its_core (test_functional_routing.FunctionalRoutingTest.test_container_receives_fixture_argv_and_probes_its_core) ... ok
test_create_failure_cleans_only_its_written_owned_identity (test_functional_routing.FunctionalRoutingTest.test_create_failure_cleans_only_its_written_owned_identity) ... ok
test_entry_failure_is_preserved_when_cleanup_also_fails (test_functional_routing.FunctionalRoutingTest.test_entry_failure_is_preserved_when_cleanup_also_fails) ... ok
test_environment_fixture_becomes_explicit_container_argv (test_functional_routing.FunctionalRoutingTest.test_environment_fixture_becomes_explicit_container_argv) ... ok
test_external_fixture_rejected_before_container_delegation (test_functional_routing.FunctionalRoutingTest.test_external_fixture_rejected_before_container_delegation) ... ok
test_external_vendor_symlink_rejected_before_delegation (test_functional_routing.FunctionalRoutingTest.test_external_vendor_symlink_rejected_before_delegation) ... ok
test_fixture_option_rejected_for_unrelated_suite (test_functional_routing.FunctionalRoutingTest.test_fixture_option_rejected_for_unrelated_suite) ... ok
test_hook_creates_only_bounded_pinned_unprivileged_containers (test_functional_routing.FunctionalRoutingTest.test_hook_creates_only_bounded_pinned_unprivileged_containers) ... ok
test_host_can_use_external_fixture_without_claiming_core_success (test_functional_routing.FunctionalRoutingTest.test_host_can_use_external_fixture_without_claiming_core_success) ... ok
test_inherited_shared_root_override_cannot_change_checked_mount (test_functional_routing.FunctionalRoutingTest.test_inherited_shared_root_override_cannot_change_checked_mount) ... ok
test_installed_composer_exec_preserves_literal_argv (test_functional_routing.FunctionalRoutingTest.test_installed_composer_exec_preserves_literal_argv) ... ok
test_line_break_in_fixture_path_is_rejected_without_canonicalizing_to_another_input (test_functional_routing.FunctionalRoutingTest.test_line_break_in_fixture_path_is_rejected_without_canonicalizing_to_another_input) ... ok
test_metacharacters_are_literal_fixture_argument (test_functional_routing.FunctionalRoutingTest.test_metacharacters_are_literal_fixture_argument) ... ok
test_missing_fixture_is_explicit_cli_error (test_functional_routing.FunctionalRoutingTest.test_missing_fixture_is_explicit_cli_error) ... ok
test_missing_loader_is_rejected (test_functional_routing.FunctionalRoutingTest.test_missing_loader_is_rejected) ... ok
test_modes_and_phases_are_validated_before_core_load (test_functional_routing.FunctionalRoutingTest.test_modes_and_phases_are_validated_before_core_load) ... ok
test_nonexistent_fixture_is_rejected (test_functional_routing.FunctionalRoutingTest.test_nonexistent_fixture_is_rejected) ... ok
test_portable_canonicalization_keeps_loader_escape_rejection (test_functional_routing.FunctionalRoutingTest.test_portable_canonicalization_keeps_loader_escape_rejection) ... ok
test_real_php_propagates_incomplete_fixture_failure_for_each_entry (test_functional_routing.FunctionalRoutingTest.test_real_php_propagates_incomplete_fixture_failure_for_each_entry) ... ok
test_relative_fixture_is_resolved_from_project_root (test_functional_routing.FunctionalRoutingTest.test_relative_fixture_is_resolved_from_project_root) ... ok
test_runtime_probe_failure_prevents_entry_execution (test_functional_routing.FunctionalRoutingTest.test_runtime_probe_failure_prevents_entry_execution) ... ok
test_selected_container_path_resolution_does_not_need_gnu_options (test_functional_routing.FunctionalRoutingTest.test_selected_container_path_resolution_does_not_need_gnu_options) ... ok
test_sibling_prefix_is_outside_project_mount (test_functional_routing.FunctionalRoutingTest.test_sibling_prefix_is_outside_project_mount) ... ok
test_successful_entry_cannot_mask_cleanup_failure (test_functional_routing.FunctionalRoutingTest.test_successful_entry_cannot_mask_cleanup_failure) ... ok
test_symlink_to_external_fixture_rejected_before_delegation (test_functional_routing.FunctionalRoutingTest.test_symlink_to_external_fixture_rejected_before_delegation) ... ok
test_unpinned_hook_image_is_rejected_before_container_creation (test_functional_routing.FunctionalRoutingTest.test_unpinned_hook_image_is_rejected_before_container_creation) ... ok
test_unsupported_shared_mount_root_rejected_before_delegation (test_functional_routing.FunctionalRoutingTest.test_unsupported_shared_mount_root_rejected_before_delegation) ... ok
test_complete_count_and_bounded_upstream_overshoot_are_accepted (test_fuzz_evidence.FuzzEvidenceTest.test_complete_count_and_bounded_upstream_overshoot_are_accepted) ... ok
test_crash_incomplete_and_missing_evidence_are_failures (test_fuzz_evidence.FuzzEvidenceTest.test_crash_incomplete_and_missing_evidence_are_failures) ... ok
test_invalid_manifests_fail_without_producing_seed_values (test_fuzz_evidence.FuzzEvidenceTest.test_invalid_manifests_fail_without_producing_seed_values) ... ok
test_seed_boundaries_remain_exact_positive_uint32_values (test_fuzz_evidence.FuzzEvidenceTest.test_seed_boundaries_remain_exact_positive_uint32_values) ... ok
test_command_alphabet_includes_digits_underscores_and_hyphens (test_harness_command_parsing.HarnessCommandParsingTest.test_command_alphabet_includes_digits_underscores_and_hyphens) ... ok
test_command_options_can_span_lines (test_harness_command_parsing.HarnessCommandParsingTest.test_command_options_can_span_lines) ... ok
test_empty_or_invalid_command_prefix_is_not_recognized (test_harness_command_parsing.HarnessCommandParsingTest.test_empty_or_invalid_command_prefix_is_not_recognized) ... ok
test_install_and_project_commands_preserve_their_order (test_harness_command_parsing.HarnessCommandParsingTest.test_install_and_project_commands_preserve_their_order) ... ok
test_invalid_prefix_does_not_hide_the_next_valid_opening (test_harness_command_parsing.HarnessCommandParsingTest.test_invalid_prefix_does_not_hide_the_next_valid_opening) ... ok
test_long_unterminated_command_finishes_with_no_result (test_harness_command_parsing.HarnessCommandParsingTest.test_long_unterminated_command_finishes_with_no_result) ... ok
test_plain_text_has_no_inline_composer_command (test_harness_command_parsing.HarnessCommandParsingTest.test_plain_text_has_no_inline_composer_command) ... ok
test_prefix_before_punctuation_preserves_existing_recognition (test_harness_command_parsing.HarnessCommandParsingTest.test_prefix_before_punctuation_preserves_existing_recognition) ... ok
test_quoted_option_backtick_preserves_existing_closing_boundary (test_harness_command_parsing.HarnessCommandParsingTest.test_quoted_option_backtick_preserves_existing_closing_boundary) ... ok
test_unterminated_command_is_not_recognized (test_harness_command_parsing.HarnessCommandParsingTest.test_unterminated_command_is_not_recognized) ... ok
test_broken_pointer_rejected (test_local_guards.HarnessBindingTest.test_broken_pointer_rejected) ... ok
test_comment_does_not_count_as_ci_execution (test_local_guards.HarnessBindingTest.test_comment_does_not_count_as_ci_execution) ... ok
test_composer_command_drift_rejected (test_local_guards.HarnessBindingTest.test_composer_command_drift_rejected) ... ok
test_disabled_installer_rejected (test_local_guards.HarnessBindingTest.test_disabled_installer_rejected) ... ok
test_missing_routing_owner_rejected (test_local_guards.HarnessBindingTest.test_missing_routing_owner_rejected) ... ok
test_overlong_agent_index_rejected (test_local_guards.HarnessBindingTest.test_overlong_agent_index_rejected) ... ok
test_real_run_and_valid_pointers (test_local_guards.HarnessBindingTest.test_real_run_and_valid_pointers) ... ok
test_wrong_captainhook_bootstrap_rejected (test_local_guards.HarnessBindingTest.test_wrong_captainhook_bootstrap_rejected) ... ok
test_aws_secret_assignment_blocked (test_local_guards.StagedSecretsTest.test_aws_secret_assignment_blocked) ... ok
test_blob_replace_ref_cannot_mask_staged_secret (test_local_guards.StagedSecretsTest.test_blob_replace_ref_cannot_mask_staged_secret) ... ok
test_changed_synthetic_key_blocked (test_local_guards.StagedSecretsTest.test_changed_synthetic_key_blocked) ... ok
test_dash_filename (test_local_guards.StagedSecretsTest.test_dash_filename) ... ok
test_deleted_blob_not_reintroduced (test_local_guards.StagedSecretsTest.test_deleted_blob_not_reintroduced) ... ok
test_detector_source_can_be_staged (test_local_guards.StagedSecretsTest.test_detector_source_can_be_staged) ... ok
test_empty_index_checks_available_detector (test_local_guards.StagedSecretsTest.test_empty_index_checks_available_detector) ... ok
test_exact_public_synthetic_key_allowed (test_local_guards.StagedSecretsTest.test_exact_public_synthetic_key_allowed) ... ok
test_literal_glob_filename (test_local_guards.StagedSecretsTest.test_literal_glob_filename) ... ok
test_missing_detector_never_silently_skipped (test_local_guards.StagedSecretsTest.test_missing_detector_never_silently_skipped) ... ok
test_newline_filename (test_local_guards.StagedSecretsTest.test_newline_filename) ... ok
test_non_utf8_filename (test_local_guards.StagedSecretsTest.test_non_utf8_filename) ... ok
test_ordinary_staged_blob (test_local_guards.StagedSecretsTest.test_ordinary_staged_blob) ... ok
test_private_key_header_blocked (test_local_guards.StagedSecretsTest.test_private_key_header_blocked) ... ok
test_public_key_copy_at_other_path_blocked (test_local_guards.StagedSecretsTest.test_public_key_copy_at_other_path_blocked) ... ok
test_renamed_blob_scanned (test_local_guards.StagedSecretsTest.test_renamed_blob_scanned) ... ok
test_shell_metacharacters_do_not_execute (test_local_guards.StagedSecretsTest.test_shell_metacharacters_do_not_execute) ... ok
test_staged_token_blocked_after_worktree_cleaned (test_local_guards.StagedSecretsTest.test_staged_token_blocked_after_worktree_cleaned) ... ok
test_symlink_target_blob_scanned_without_dereference (test_local_guards.StagedSecretsTest.test_symlink_target_blob_scanned_without_dereference) ... ok
test_tab_filename (test_local_guards.StagedSecretsTest.test_tab_filename) ... ok
test_unmerged_index_rejected (test_local_guards.StagedSecretsTest.test_unmerged_index_rejected) ... ok
test_unstaged_token_not_read (test_local_guards.StagedSecretsTest.test_unstaged_token_not_read) ... ok
test_deleted_only_source_skips_without_score_claim (test_mutation_routing.MutationRoutingTest.test_deleted_only_source_skips_without_score_claim) ... ok
test_direct_production_php_is_measured (test_mutation_routing.MutationRoutingTest.test_direct_production_php_is_measured) ... ok
test_documentation_only_skips_without_score_claim (test_mutation_routing.MutationRoutingTest.test_documentation_only_skips_without_score_claim) ... ok
test_git_diff_failure_is_propagated_without_measurement (test_mutation_routing.MutationRoutingTest.test_git_diff_failure_is_propagated_without_measurement) ... ok
test_invalid_comparison_rejected_without_measurement (test_mutation_routing.MutationRoutingTest.test_invalid_comparison_rejected_without_measurement) ... ok
test_literal_unusual_names_remain_separate_argv_values (test_mutation_routing.MutationRoutingTest.test_literal_unusual_names_remain_separate_argv_values) ... ok
test_missing_comparison_object_rejected_without_measurement (test_mutation_routing.MutationRoutingTest.test_missing_comparison_object_rejected_without_measurement) ... ok
test_nested_production_php_is_measured (test_mutation_routing.MutationRoutingTest.test_nested_production_php_is_measured) ... ok
test_non_pr_events_preserve_full_scope (test_mutation_routing.MutationRoutingTest.test_non_pr_events_preserve_full_scope) ... ok
test_recorded_measurement_failure_cannot_turn_green (test_mutation_routing.MutationRoutingTest.test_recorded_measurement_failure_cannot_turn_green) ... ok
test_renamed_and_modified_production_php_is_measured (test_mutation_routing.MutationRoutingTest.test_renamed_and_modified_production_php_is_measured) ... ok
test_symlink_source_is_rejected_without_measurement (test_mutation_routing.MutationRoutingTest.test_symlink_source_is_rejected_without_measurement) ... ok
test_original_test_failure_survives_all_cleanup_failures (test_native_cleanup.NativeCleanupTest.test_original_test_failure_survives_all_cleanup_failures) ... ok
test_original_test_failure_survives_private_fixture_cleanup_failure (test_native_cleanup.NativeCleanupTest.test_original_test_failure_survives_private_fixture_cleanup_failure) ... ok
test_success_and_complete_cleanup_remain_success (test_native_cleanup.NativeCleanupTest.test_success_and_complete_cleanup_remain_success) ... ok
test_success_cannot_mask_all_owned_resource_cleanup_failures (test_native_cleanup.NativeCleanupTest.test_success_cannot_mask_all_owned_resource_cleanup_failures) ... ok
test_success_cannot_mask_owned_container_cleanup_failure (test_native_cleanup.NativeCleanupTest.test_success_cannot_mask_owned_container_cleanup_failure) ... ok
test_success_cannot_mask_owned_network_cleanup_failure (test_native_cleanup.NativeCleanupTest.test_success_cannot_mask_owned_network_cleanup_failure) ... ok
test_success_cannot_mask_private_fixture_cleanup_failure (test_native_cleanup.NativeCleanupTest.test_success_cannot_mask_private_fixture_cleanup_failure) ... ok
test_closing_one_connection_preserves_other_active_connection (test_wire_lifecycle.WireLifecycleTests.test_closing_one_connection_preserves_other_active_connection) ... ok
test_completed_history_is_bounded_without_discarding_active_connections (test_wire_lifecycle.WireLifecycleTests.test_completed_history_is_bounded_without_discarding_active_connections) ... ok
test_duplicate_close_is_rejected_without_erasing_an_unrelated_witness (test_wire_lifecycle.WireLifecycleTests.test_duplicate_close_is_rejected_without_erasing_an_unrelated_witness) ... ok
test_reused_connection_keeps_identity_and_actual_request_count (test_wire_lifecycle.WireLifecycleTests.test_reused_connection_keeps_identity_and_actual_request_count) ... ok
test_tls_wrapping_preserves_the_accepted_tcp_identity (test_wire_lifecycle.WireLifecycleTests.test_tls_wrapping_preserves_the_accepted_tcp_identity) ... ok

----------------------------------------------------------------------
Ran 118 tests in 6.318s

OK
