Instructions for interpreting errors
---------

Each error has an associated identifier, like `argument.type`
or `return.missing`.

Each error identifier has documentation at URL https://phpstan.org/error-identifiers/<identifier>
This page contains code example, explanation why is this an error
and instruction how to fix it.
Before fixing the error, fetch the documentation page for its identifier.

The error usually indicates a real bug or incorrect type in the code. Fix the underlying cause, do not just make the error go away.
Do not add `@phpstan-ignore` comments, `@phpstan-ignore-next-line` comments, or baseline entries to suppress the error.
Do not use assert() or inline @var PHPDoc tag to override PHPStan's inferred type.
Do not add type casts just to silence errors.
Do not widen parameter or return types just to make the error go away.
 ------ ---------------------------------------------------------------------- 
  Line   Client/ClientStackConfiguration.php                                   
 ------ ---------------------------------------------------------------------- 
  14     Method                                                                
         Netresearch\HttpGuard\Client\ClientStackConfiguration::__construct()  
         has parameter $stack with generic class GuzzleHttp\HandlerStack but   
         does not specify its types: THandler                                  
         🪪  missingType.generics                                              
 ------ ---------------------------------------------------------------------- 

 ------ ----------------------------------------------------------------------- 
  Line   Client/GuardedClientFactory.php                                        
 ------ ----------------------------------------------------------------------- 
  169    Method                                                                 
         Netresearch\HttpGuard\Client\GuardedClientFactory::stackEntries() has  
         parameter $stack with generic class GuzzleHttp\HandlerStack but does   
         not specify its types: THandler                                        
         🪪  missingType.generics                                               
 ------ ----------------------------------------------------------------------- 

 ------ ----------------------------------------------------------------------- 
  Line   Transport/InvocationRegistry.php                                       
 ------ ----------------------------------------------------------------------- 
  22     Method Netresearch\HttpGuard\Transport\InvocationRegistry::open() has  
         parameter $handler with generic class GuzzleHttp\HandlerStack but      
         does not specify its types: THandler                                   
         🪪  missingType.generics                                               
 ------ ----------------------------------------------------------------------- 

 ------ -------------------------------------------------------------------- 
  Line   Transport/OptionSanitizer.php                                       
 ------ -------------------------------------------------------------------- 
  95     Method Netresearch\HttpGuard\Transport\OptionSanitizer::sanitize()  
         has parameter $expectedHandler with generic class                   
         GuzzleHttp\HandlerStack but does not specify its types: THandler    
         🪪  missingType.generics                                            
 ------ -------------------------------------------------------------------- 

 ------ ----------------------------------------------------------------------- 
  Line   Transport/RequestEnvelope.php                                          
 ------ ----------------------------------------------------------------------- 
  13     Method Netresearch\HttpGuard\Transport\RequestEnvelope::__construct()  
         has parameter $expectedHandler with generic class                      
         GuzzleHttp\HandlerStack but does not specify its types: THandler       
         🪪  missingType.generics                                               
 ------ ----------------------------------------------------------------------- 

 ------ ----------------------------------------------------------------------- 
  Line   Transport/TransferLease.php                                            
 ------ ----------------------------------------------------------------------- 
  222    Call to function is_callable() with                                    
         array{GuzzleHttp\Handler\CurlMultiHandler, '__destruct'|'close'} will  
         always evaluate to true.                                               
         🪪  function.alreadyNarrowedType                                       
 ------ ----------------------------------------------------------------------- 

 [ERROR] Found 6 errors                                                         

