runTests.sh: phpstan config: phpstan.neon is not the standard location (Build/phpstan/phpstan.neon)
runTests.sh: rector config: rector.php is not the standard location (Build/rector/rector.php)
runTests.sh: fractor config: fractor.php is not the standard location (Build/fractor/fractor.php)
runTests.sh: infection config: infection.json5 is not the standard location (infection.json.dist)
PHPUnit 13.4.1 by Sebastian Bergmann and contributors.

Runtime:       PHP 8.5.10
Configuration: /tmp/http-guard-kan-8VPVrN/vault/Build/phpunit.xml
Random Seed:   1791495114

...............................................................  63 / 534 ( 11%)
............................................................... 126 / 534 ( 23%)
............................................................... 189 / 534 ( 35%)
............................................................... 252 / 534 ( 47%)
............................................................... 315 / 534 ( 58%)
............................................................... 378 / 534 ( 70%)
............................................................... 441 / 534 ( 82%)
............................................................... 504 / 534 ( 94%)
..............................                                  534 / 534 (100%)

Time: 00:04.384, Memory: 18.00 MB

[30;42mOK (534 tests, 2132 assertions)[0m

###########################################################################
Result of unit
Container runtime: docker
Environment: CI
PHP: 8.5
SUCCESS
###########################################################################

