runTests.sh: rector config: rector.php is not the standard location (Build/rector/rector.php)
runTests.sh: fractor config: fractor.php is not the standard location (Build/fractor/fractor.php)
runTests.sh: infection config: infection.json5 is not the standard location (infection.json.dist)
   0/580 [░░░░░░░░░░░░░░░░░░░░░░░░░░░░]   0%[1G[2K  20/580 [░░░░░░░░░░░░░░░░░░░░░░░░░░░░]   3%[1G[2K  60/580 [▓▓░░░░░░░░░░░░░░░░░░░░░░░░░░]  10%[1G[2K 180/580 [▓▓▓▓▓▓▓▓░░░░░░░░░░░░░░░░░░░░]  31%[1G[2K 240/580 [▓▓▓▓▓▓▓▓▓▓▓░░░░░░░░░░░░░░░░░]  41%[1G[2K 280/580 [▓▓▓▓▓▓▓▓▓▓▓▓▓░░░░░░░░░░░░░░░]  48%[1G[2K 300/580 [▓▓▓▓▓▓▓▓▓▓▓▓▓▓░░░░░░░░░░░░░░]  51%[1G[2K 360/580 [▓▓▓▓▓▓▓▓▓▓▓▓▓▓▓▓▓░░░░░░░░░░░]  62%[1G[2K 420/580 [▓▓▓▓▓▓▓▓▓▓▓▓▓▓▓▓▓▓▓▓░░░░░░░░]  72%[1G[2K 480/580 [▓▓▓▓▓▓▓▓▓▓▓▓▓▓▓▓▓▓▓▓▓▓▓░░░░░]  82%[1G[2K 540/580 [▓▓▓▓▓▓▓▓▓▓▓▓▓▓▓▓▓▓▓▓▓▓▓▓▓▓░░]  93%[1G[2K 580/580 [▓▓▓▓▓▓▓▓▓▓▓▓▓▓▓▓▓▓▓▓▓▓▓▓▓▓▓▓] 100%

 ------ ----------------------------------------------------------------------- 
  Line   Classes/Http/Guard/VaultGuardAdapter.php                               
 ------ ----------------------------------------------------------------------- 
  53     Method Netresearch\NrVault\Http\Guard\VaultGuardAdapter::create()      
         should return Psr\Http\Client\ClientInterface but returns              
         GuzzleHttp\ClientInterface.                                            
         🪪  return.type                                                        
  133    PHPDoc tag @return has invalid value ((callable(RequestInterface,      
         array): PromiseInterface): callable(RequestInterface, array):          
         PromiseInterface): Unexpected token "(", expected TOKEN_HORIZONTAL_WS  
         at offset 95 on line 2                                                 
         🪪  phpDoc.parseError                                                  
  135    Method                                                                 
         Netresearch\NrVault\Http\Guard\VaultGuardAdapter::observationMiddlewa  
         re() return type has no signature specified for callable.              
         🪪  missingType.callable                                               
  142    PHPDoc tag @var for variable $next has no value type specified in      
         iterable type array.                                                   
         🪪  missingType.iterableValue                                          
         💡  See:                                                               
         https://phpstan.org/blog/solving-phpstan-no-value-type-specified-in-i  
         terable-type                                                           
 ------ ----------------------------------------------------------------------- 

 ------ ----------------------------------------------------------------------- 
  Line   Classes/Http/SecureHttpClientFactory.php                               
 ------ ----------------------------------------------------------------------- 
  1404   PHPDoc tag @param has invalid value ((callable(RequestInterface,       
         array): \GuzzleHttp\Promise\PromiseInterface):                         
         callable(RequestInterface, array):                                     
         \GuzzleHttp\Promise\PromiseInterface $diagnosticMiddleware):           
         Unexpected token "(", expected variable at offset 250 on line 5        
         🪪  phpDoc.parseError                                                  
  1406   Method                                                                 
         Netresearch\NrVault\Http\SecureHttpClientFactory::withDiagnosticOptio  
         ns() has parameter $diagnosticMiddleware with no signature specified   
         for callable.                                                          
         🪪  missingType.callable                                               
  1428   Parameter #1 $config of class GuzzleHttp\Client constructor expects    
         array{handler?: callable(Psr\Http\Message\RequestInterface, array<mix  
         ed>): GuzzleHttp\Promise\PromiseInterface<Psr\Http\Message\ResponseIn  
         terface, mixed>, base_uri?: Psr\Http\Message\UriInterface|string, tra  
         nsport_sharing?: string|null, max_host_connections?: int|null,         
         max_total_connections?: int|null, allow_redirects?: array{max?: int,   
         strict?: bool, referer?: bool, protocols?: non-empty-array<string>, o  
         n_redirect?: callable(Psr\Http\Message\RequestInterface,               
         Psr\Http\Message\ResponseInterface, Psr\Http\Message\UriInterface):    
         mixed, track_redirects?: bool}|bool, auth?: array{0: string, 1:        
         string, 2?: string|null}|string|false|null, body?:                     
         callable-object|Iterator|resource|string|Stringable|null, ..., ...},   
         non-empty-array<string, mixed> given.                                  
         🪪  argument.type                                                      
         💡  Offset 'protocols' (non-empty-array<int|string, string>) does not   
         accept type mixed: mixed is empty.                                     
 ------ ----------------------------------------------------------------------- 

 ------ ----------------------------------------------------------------------- 
  Line   Tests/Functional/Http/GuardAdapterTest.php                             
 ------ ----------------------------------------------------------------------- 
  511    Method                                                                 
         Netresearch\HttpGuard\DecisionReporterInterface@anonymous/Tests/Funct  
         ional/Http/GuardAdapterTest.php:505::__construct() has parameter       
         $receiver with no signature specified for Closure.                     
         🪪  missingType.callable                                               
  672    Parameter #1 $array (list<string>) of array_values is already a list,  
          call has no effect.                                                   
         🪪  arrayValues.list                                                   
 ------ ----------------------------------------------------------------------- 

 [ERROR] Found 9 errors                                                         


###########################################################################
Result of phpstan
Container runtime: docker
Environment: CI
PHP: 8.5
FAILURE
###########################################################################

