runTests.sh: phpstan config: phpstan.neon is not the standard location (Build/phpstan/phpstan.neon)
runTests.sh: rector config: rector.php is not the standard location (Build/rector/rector.php)
runTests.sh: fractor config: fractor.php is not the standard location (Build/fractor/fractor.php)
runTests.sh: infection config: infection.json5 is not the standard location (infection.json.dist)
PHPUnit 13.4.1 by Sebastian Bergmann and contributors.

Runtime:       PHP 8.5.10
Configuration: /tmp/http-guard-kan-8VPVrN/vault-guzzle7/Build/FunctionalTests.xml

...............................................................  63 / 492 ( 12%)
............................................................... 126 / 492 ( 25%)
............................................................... 189 / 492 ( 38%)
............................................................... 252 / 492 ( 51%)
............................................................... 315 / 492 ( 64%)
............................................................... 378 / 492 ( 76%)
............................................................... 441 / 492 ( 89%)
...................................................             492 / 492 (100%)

Time: 01:13.446, Memory: 376.00 MB

[30;42mOK (492 tests, 2554 assertions)[0m

###########################################################################
Result of functional
Container runtime: docker
Environment: CI
PHP: 8.5
DBMS: sqlite
SUCCESS
###########################################################################

