🚀 Rendering TYPO3 documentation...
   Project: .
Parsing:  0/78 [>----------------]   0% Parsing file: Auditor/ControlMapping.rst
Parsing:  1/78 [>------------]   1% Parsing file: Auditor/EvidenceCollection.rst
Parsing:  2/78 [>------------]   2% Parsing file: Auditor/Index.rst
Parsing:  3/78 [>------------]   3% Parsing file: Auditor/TargetOfEvaluation.rst
Parsing:  4/78 [>--------]   5% Parsing file: Auditor/VerificationProcedures.rst
Parsing:  5/78 [>--------]   6% Parsing file: Configuration/Index.rst
Parsing:  6/78 [>]   7% Parsing file: Developer/Adr/ADR-001-UuidV7Identifiers.rst
Parsing:  7/78 [>]   8% Parsing file: Developer/Adr/ADR-002-EnvelopeEncryption.rst
Parsing:  8/78 [>]  10% Parsing file: Developer/Adr/ADR-003-MasterKeyManagement.rst
Parsing:  9/78 [>]  11% Parsing file: Developer/Adr/ADR-004-TcaIntegration.rst
Parsing: 10/78 [>]  12% Parsing file: Developer/Adr/ADR-005-AccessControl.rst
Parsing: 11/78 [>]  14% Parsing file: Developer/Adr/ADR-006-AuditLogging.rst
Parsing: 12/78 [>]  15% Parsing file: Developer/Adr/ADR-007-SecretMetadata.rst
Parsing: 13/78 [>]  16% Parsing file: Developer/Adr/ADR-008-HttpClient.rst
Parsing: 14/78 [>]  17% Parsing file: Developer/Adr/ADR-009-ExtensionConfigurationSecrets.rst
Parsing: 15/78 [>]  19% Parsing file: Developer/Adr/ADR-010-SecureOutboundInNrVault.rst
Parsing: 16/78 [>]  20% Parsing file: Developer/Adr/ADR-011-CredentialSetsDataModel.rst
Parsing: 17/78 [>]  21% Parsing file: Developer/Adr/ADR-012-SecureHttpClientTransports.rst
Parsing: 18/78 [>]  23% Parsing file: Developer/Adr/ADR-013-RustFfiPreload.rst
Parsing: 19/78 [>]  24% Parsing file: Developer/Adr/ADR-014-PackagingNativeArtifacts.rst
Parsing: 20/78 [>]  25% Parsing file: Developer/Adr/ADR-015-Http3FeatureFlag.rst
Parsing: 21/78 [>]  26% Parsing file: Developer/Adr/ADR-016-SidecarOption.rst
Parsing: 22/78 [>]  28% Parsing file: Developer/Adr/ADR-017-AuditMetadataRetention.rst
Parsing: 23/78 [>]  29% Parsing file: Developer/Adr/ADR-018-FlexFormSecretLifecycle.rst
Parsing: 24/78 [>]  30% Parsing file: Developer/Adr/ADR-019-ConfigurableAuditReadLogging.rst
Parsing: 25/78 [>]  32% Parsing file: Developer/Adr/ADR-020-MasterKeyRequestLifetimeCaching.rst
Parsing: 26/78 [>]  33% Parsing file: Developer/Adr/ADR-021-BatchSecretLoading.rst
Parsing: 27/78 [>]  34% Parsing file: Developer/Adr/ADR-022-DedicatedOAuthException.rst
Parsing: 28/78 [>]  35% Parsing file: Developer/Adr/ADR-023-AuditHashChainHmac.rst
Parsing: 29/78 [>]  37% Parsing file: Developer/Adr/ADR-024-AuditHashForensicFields.rst
Parsing: 30/78 [>]  38% Parsing file: Developer/Adr/ADR-025-SecretEntityReadonly.rst
Parsing: 31/78 [>]  39% Parsing file: Developer/Adr/ADR-026-DnsRebindingDefence.rst
Parsing: 32/78 [>]  41% Parsing file: Developer/Adr/ADR-027-OAuthClientUnification.rst
Parsing: 33/78 [>]  42% Parsing file: Developer/Adr/ADR-028-PhpatHttpClientLock.rst
Parsing: 34/78 [>]  43% Parsing file: Developer/Adr/ADR-029-TechnicalActorContext.rst
Parsing: 35/78 [>]  44% Parsing file: Developer/Adr/ADR-030-SiteConfigVaultReadTimeResolution.rst
Parsing: 36/78 [>]  46% Parsing file: Developer/Adr/ADR-031-SharedSecretPatternCatalogue.rst
Parsing: 37/78 [>]  47% Parsing file: Developer/Adr/ADR-032-PortableEnvelopeCodec.rst
Parsing: 38/78 [>]  48% Parsing file: Developer/Adr/ADR-033-ForeignEnvelopeRotation.rst
Parsing: 39/78 [>]  50% Parsing file: Developer/Adr/ADR-034-AuditChainTipAnchor.rst
Parsing: 40/78 [>]  51% Parsing file: Developer/Adr/ADR-035-FrontendPlaceholderAllowSet.rst
Parsing: 41/78 [>]  52% Parsing file: Developer/Adr/ADR-036-MutationAuditAtomicity.rst
Parsing: 42/78 [>]  53% Parsing file: Developer/Adr/ADR-037-CancellableOutboundSend.rst
Parsing: 43/78 [>]  55% Parsing file: Developer/Adr/ADR-038-UnresolvableHostIsRefused.rst
Parsing: 44/78 [>]  56% Parsing file: Developer/Adr/ADR-039-StreamingSendKeepsTheDnsPin.rst
Parsing: 45/78 [>]  57% Parsing file: Developer/Adr/ADR-040-CancellableSendBoundsSilence.rst
Parsing: 46/78 [>]  58% Parsing file: Developer/Adr/ADR-041-OptInHttpGuardAdapter.rst
Parsing: 47/78 [>]  60% Parsing file: Developer/Adr/Index.rst
Parsing: 48/78 [>]  61% Parsing file: Developer/Api.rst
Parsing: 49/78 [>]  62% Parsing file: Developer/Commands.rst
Parsing: 50/78 [>]  64% Parsing file: Developer/HttpGuard.rst[2026-10-08T22:19:34.540613+00:00] app.WARNING: "netresearch/http-guard" was not found on packagist.  {"rst-file":"Developer/HttpGuard.rst"} []

Parsing: 51/78 [>]  65% Parsing file: Developer/Index.rst
Parsing: 52/78 [>]  66% Parsing file: Developer/SecureOutbound.rst
Parsing: 53/78 [>]  67% Parsing file: Developer/TcaIntegration.rst
Parsing: 54/78 [>]  69% Parsing file: Developer/TechnicalActorContext.rst
Parsing: 55/78 [>]  70% Parsing file: Index.rst
Parsing: 56/78 [>]  71% Parsing file: Installation/Index.rst
Parsing: 57/78 [>]  73% Parsing file: Introduction/Index.rst
Parsing: 58/78 [>]  74% Parsing file: Operations/BackupAndRestore.rst
Parsing: 59/78 [>]  75% Parsing file: Operations/Decommissioning.rst
Parsing: 60/78 [>]  76% Parsing file: Operations/HardenedDeployment.rst
Parsing: 61/78 [>]  78% Parsing file: Operations/IncidentResponse.rst
Parsing: 62/78 [>]  79% Parsing file: Operations/Index.rst
Parsing: 63/78 [>]  80% Parsing file: Operations/KeyCustody.rst
Parsing: 64/78 [>]  82% Parsing file: Operations/KeyRotation.rst
Parsing: 65/78 [>]  83% Parsing file: Operations/MonitoringAndAlerting.rst
Parsing: 66/78 [>]  84% Parsing file: Security/AuditEvidence.rst
Parsing: 67/78 [>]  85% Parsing file: Security/Cryptography.rst
Parsing: 68/78 [>]  87% Parsing file: Security/Index.rst
Parsing: 69/78 [>]  88% Parsing file: Security/KnownLimitations.rst
Parsing: 70/78 [>]  89% Parsing file: Security/SecurityProfiles.rst
Parsing: 71/78 [>]  91% Parsing file: Security/ThreatModel.rst
Parsing: 72/78 [>]  92% Parsing file: Security/TrustBoundaries.rst
Parsing: 73/78 [>]  93% Parsing file: Sitemap.rst
Parsing: 74/78 [>]  94% Parsing file: Troubleshooting/Index.rst
Parsing: 75/78 [>]  96% Parsing file: Usage/ApiEndpointExample.rst
Parsing: 76/78 [>]  97% Parsing file: Usage/ExtensionSettings.rst
Parsing: 77/78 [>]  98% Parsing file: Usage/Index.rst
Parsing: 78/78 [=] 100% Parsing file: Usage/Index.rst[2026-10-08T22:19:35.891932+00:00] app.WARNING: Document Auditor/Index has been added to parents Index and Sitemap. The `toctree` directive changes the position of documents in the document tree. Use the `menu` directive to only display a menu without changing the document tree. {"rst-file":"Sitemap.rst"} []
[2026-10-08T22:19:35.892217+00:00] app.WARNING: Document Auditor/Index has been added to parents Index and Sitemap. The `toctree` directive changes the position of documents in the document tree. Use the `menu` directive to only display a menu without changing the document tree. {"rst-file":"Sitemap.rst"} []
[2026-10-08T22:19:35.892303+00:00] app.WARNING: Document Configuration/Index has been added to parents Index and Sitemap. The `toctree` directive changes the position of documents in the document tree. Use the `menu` directive to only display a menu without changing the document tree. {"rst-file":"Sitemap.rst"} []
[2026-10-08T22:19:35.892464+00:00] app.WARNING: Document Auditor/Index has been added to parents Index and Sitemap. The `toctree` directive changes the position of documents in the document tree. Use the `menu` directive to only display a menu without changing the document tree. {"rst-file":"Sitemap.rst"} []
[2026-10-08T22:19:35.892553+00:00] app.WARNING: Document Configuration/Index has been added to parents Index and Sitemap. The `toctree` directive changes the position of documents in the document tree. Use the `menu` directive to only display a menu without changing the document tree. {"rst-file":"Sitemap.rst"} []
[2026-10-08T22:19:35.892590+00:00] app.WARNING: Document Developer/Index has been added to parents Index and Sitemap. The `toctree` directive changes the position of documents in the document tree. Use the `menu` directive to only display a menu without changing the document tree. {"rst-file":"Sitemap.rst"} []
[2026-10-08T22:19:35.892650+00:00] app.WARNING: Document Auditor/Index has been added to parents Index and Sitemap. The `toctree` directive changes the position of documents in the document tree. Use the `menu` directive to only display a menu without changing the document tree. {"rst-file":"Sitemap.rst"} []
[2026-10-08T22:19:35.892689+00:00] app.WARNING: Document Configuration/Index has been added to parents Index and Sitemap. The `toctree` directive changes the position of documents in the document tree. Use the `menu` directive to only display a menu without changing the document tree. {"rst-file":"Sitemap.rst"} []
[2026-10-08T22:19:35.892776+00:00] app.WARNING: Document Developer/Index has been added to parents Index and Sitemap. The `toctree` directive changes the position of documents in the document tree. Use the `menu` directive to only display a menu without changing the document tree. {"rst-file":"Sitemap.rst"} []
[2026-10-08T22:19:35.892818+00:00] app.WARNING: Document Installation/Index has been added to parents Index and Sitemap. The `toctree` directive changes the position of documents in the document tree. Use the `menu` directive to only display a menu without changing the document tree. {"rst-file":"Sitemap.rst"} []
[2026-10-08T22:19:35.893060+00:00] app.WARNING: Document Auditor/Index has been added to parents Index and Sitemap. The `toctree` directive changes the position of documents in the document tree. Use the `menu` directive to only display a menu without changing the document tree. {"rst-file":"Sitemap.rst"} []
[2026-10-08T22:19:35.893123+00:00] app.WARNING: Document Configuration/Index has been added to parents Index and Sitemap. The `toctree` directive changes the position of documents in the document tree. Use the `menu` directive to only display a menu without changing the document tree. {"rst-file":"Sitemap.rst"} []
[2026-10-08T22:19:35.893155+00:00] app.WARNING: Document Developer/Index has been added to parents Index and Sitemap. The `toctree` directive changes the position of documents in the document tree. Use the `menu` directive to only display a menu without changing the document tree. {"rst-file":"Sitemap.rst"} []
[2026-10-08T22:19:35.893185+00:00] app.WARNING: Document Installation/Index has been added to parents Index and Sitemap. The `toctree` directive changes the position of documents in the document tree. Use the `menu` directive to only display a menu without changing the document tree. {"rst-file":"Sitemap.rst"} []
[2026-10-08T22:19:35.893211+00:00] app.WARNING: Document Introduction/Index has been added to parents Index and Sitemap. The `toctree` directive changes the position of documents in the document tree. Use the `menu` directive to only display a menu without changing the document tree. {"rst-file":"Sitemap.rst"} []
[2026-10-08T22:19:35.893263+00:00] app.WARNING: Document Auditor/Index has been added to parents Index and Sitemap. The `toctree` directive changes the position of documents in the document tree. Use the `menu` directive to only display a menu without changing the document tree. {"rst-file":"Sitemap.rst"} []
[2026-10-08T22:19:35.893295+00:00] app.WARNING: Document Configuration/Index has been added to parents Index and Sitemap. The `toctree` directive changes the position of documents in the document tree. Use the `menu` directive to only display a menu without changing the document tree. {"rst-file":"Sitemap.rst"} []
[2026-10-08T22:19:35.893335+00:00] app.WARNING: Document Developer/Index has been added to parents Index and Sitemap. The `toctree` directive changes the position of documents in the document tree. Use the `menu` directive to only display a menu without changing the document tree. {"rst-file":"Sitemap.rst"} []
[2026-10-08T22:19:35.893438+00:00] app.WARNING: Document Installation/Index has been added to parents Index and Sitemap. The `toctree` directive changes the position of documents in the document tree. Use the `menu` directive to only display a menu without changing the document tree. {"rst-file":"Sitemap.rst"} []
[2026-10-08T22:19:35.893484+00:00] app.WARNING: Document Introduction/Index has been added to parents Index and Sitemap. The `toctree` directive changes the position of documents in the document tree. Use the `menu` directive to only display a menu without changing the document tree. {"rst-file":"Sitemap.rst"} []
[2026-10-08T22:19:35.893519+00:00] app.WARNING: Document Operations/Index has been added to parents Index and Sitemap. The `toctree` directive changes the position of documents in the document tree. Use the `menu` directive to only display a menu without changing the document tree. {"rst-file":"Sitemap.rst"} []
[2026-10-08T22:19:35.893624+00:00] app.WARNING: Document Auditor/Index has been added to parents Index and Sitemap. The `toctree` directive changes the position of documents in the document tree. Use the `menu` directive to only display a menu without changing the document tree. {"rst-file":"Sitemap.rst"} []
[2026-10-08T22:19:35.893675+00:00] app.WARNING: Document Configuration/Index has been added to parents Index and Sitemap. The `toctree` directive changes the position of documents in the document tree. Use the `menu` directive to only display a menu without changing the document tree. {"rst-file":"Sitemap.rst"} []
[2026-10-08T22:19:35.893705+00:00] app.WARNING: Document Developer/Index has been added to parents Index and Sitemap. The `toctree` directive changes the position of documents in the document tree. Use the `menu` directive to only display a menu without changing the document tree. {"rst-file":"Sitemap.rst"} []
[2026-10-08T22:19:35.893730+00:00] app.WARNING: Document Installation/Index has been added to parents Index and Sitemap. The `toctree` directive changes the position of documents in the document tree. Use the `menu` directive to only display a menu without changing the document tree. {"rst-file":"Sitemap.rst"} []
[2026-10-08T22:19:35.893755+00:00] app.WARNING: Document Introduction/Index has been added to parents Index and Sitemap. The `toctree` directive changes the position of documents in the document tree. Use the `menu` directive to only display a menu without changing the document tree. {"rst-file":"Sitemap.rst"} []
[2026-10-08T22:19:35.893785+00:00] app.WARNING: Document Operations/Index has been added to parents Index and Sitemap. The `toctree` directive changes the position of documents in the document tree. Use the `menu` directive to only display a menu without changing the document tree. {"rst-file":"Sitemap.rst"} []
[2026-10-08T22:19:35.893809+00:00] app.WARNING: Document Security/Index has been added to parents Index and Sitemap. The `toctree` directive changes the position of documents in the document tree. Use the `menu` directive to only display a menu without changing the document tree. {"rst-file":"Sitemap.rst"} []
[2026-10-08T22:19:35.893917+00:00] app.WARNING: Document Auditor/Index has been added to parents Index and Sitemap. The `toctree` directive changes the position of documents in the document tree. Use the `menu` directive to only display a menu without changing the document tree. {"rst-file":"Sitemap.rst"} []
[2026-10-08T22:19:35.893994+00:00] app.WARNING: Document Configuration/Index has been added to parents Index and Sitemap. The `toctree` directive changes the position of documents in the document tree. Use the `menu` directive to only display a menu without changing the document tree. {"rst-file":"Sitemap.rst"} []
[2026-10-08T22:19:35.894027+00:00] app.WARNING: Document Developer/Index has been added to parents Index and Sitemap. The `toctree` directive changes the position of documents in the document tree. Use the `menu` directive to only display a menu without changing the document tree. {"rst-file":"Sitemap.rst"} []
[2026-10-08T22:19:35.894081+00:00] app.WARNING: Document Installation/Index has been added to parents Index and Sitemap. The `toctree` directive changes the position of documents in the document tree. Use the `menu` directive to only display a menu without changing the document tree. {"rst-file":"Sitemap.rst"} []
[2026-10-08T22:19:35.894168+00:00] app.WARNING: Document Introduction/Index has been added to parents Index and Sitemap. The `toctree` directive changes the position of documents in the document tree. Use the `menu` directive to only display a menu without changing the document tree. {"rst-file":"Sitemap.rst"} []
[2026-10-08T22:19:35.894284+00:00] app.WARNING: Document Operations/Index has been added to parents Index and Sitemap. The `toctree` directive changes the position of documents in the document tree. Use the `menu` directive to only display a menu without changing the document tree. {"rst-file":"Sitemap.rst"} []
[2026-10-08T22:19:35.894400+00:00] app.WARNING: Document Security/Index has been added to parents Index and Sitemap. The `toctree` directive changes the position of documents in the document tree. Use the `menu` directive to only display a menu without changing the document tree. {"rst-file":"Sitemap.rst"} []
[2026-10-08T22:19:35.894497+00:00] app.WARNING: Document Troubleshooting/Index has been added to parents Index and Sitemap. The `toctree` directive changes the position of documents in the document tree. Use the `menu` directive to only display a menu without changing the document tree. {"rst-file":"Sitemap.rst"} []
[2026-10-08T22:19:35.894554+00:00] app.WARNING: Document Auditor/Index has been added to parents Index and Sitemap. The `toctree` directive changes the position of documents in the document tree. Use the `menu` directive to only display a menu without changing the document tree. {"rst-file":"Sitemap.rst"} []
[2026-10-08T22:19:35.894574+00:00] app.WARNING: Document Configuration/Index has been added to parents Index and Sitemap. The `toctree` directive changes the position of documents in the document tree. Use the `menu` directive to only display a menu without changing the document tree. {"rst-file":"Sitemap.rst"} []
[2026-10-08T22:19:35.894586+00:00] app.WARNING: Document Developer/Index has been added to parents Index and Sitemap. The `toctree` directive changes the position of documents in the document tree. Use the `menu` directive to only display a menu without changing the document tree. {"rst-file":"Sitemap.rst"} []
[2026-10-08T22:19:35.894603+00:00] app.WARNING: Document Installation/Index has been added to parents Index and Sitemap. The `toctree` directive changes the position of documents in the document tree. Use the `menu` directive to only display a menu without changing the document tree. {"rst-file":"Sitemap.rst"} []
[2026-10-08T22:19:35.894615+00:00] app.WARNING: Document Introduction/Index has been added to parents Index and Sitemap. The `toctree` directive changes the position of documents in the document tree. Use the `menu` directive to only display a menu without changing the document tree. {"rst-file":"Sitemap.rst"} []
[2026-10-08T22:19:35.894625+00:00] app.WARNING: Document Operations/Index has been added to parents Index and Sitemap. The `toctree` directive changes the position of documents in the document tree. Use the `menu` directive to only display a menu without changing the document tree. {"rst-file":"Sitemap.rst"} []
[2026-10-08T22:19:35.894635+00:00] app.WARNING: Document Security/Index has been added to parents Index and Sitemap. The `toctree` directive changes the position of documents in the document tree. Use the `menu` directive to only display a menu without changing the document tree. {"rst-file":"Sitemap.rst"} []
[2026-10-08T22:19:35.894645+00:00] app.WARNING: Document Troubleshooting/Index has been added to parents Index and Sitemap. The `toctree` directive changes the position of documents in the document tree. Use the `menu` directive to only display a menu without changing the document tree. {"rst-file":"Sitemap.rst"} []
[2026-10-08T22:19:35.894656+00:00] app.WARNING: Document Usage/Index has been added to parents Index and Sitemap. The `toctree` directive changes the position of documents in the document tree. Use the `menu` directive to only display a menu without changing the document tree. {"rst-file":"Sitemap.rst"} []
Rendering:  0/78 [>-----------]   0% Output format html: Rendering: //Index.html
Rendering:  1/78 [>]   1% Output format html: Rendering: //Introduction/Index.html
Rendering:  2/78 [>]   2% Output format html: Rendering: //Installation/Index.html
Rendering:  3/78 [>]   3% Output format html: Rendering: //Configuration/Index.html
Rendering:  4/78 [>]   5% Output format html: Rendering: //Usage/Index.html
Rendering:  5/78 [>]   6% Output format html: Rendering: //Usage/ApiEndpointExample.html
Rendering:  6/78 [>]   7% Output format html: Rendering: //Usage/ExtensionSettings.html
Rendering:  7/78 [>]   8% Output format html: Rendering: //Security/Index.html
Rendering:  8/78 [>]  10% Output format html: Rendering: //Security/ThreatModel.html
Rendering:  9/78 [>]  11% Output format html: Rendering: //Security/SecurityProfiles.html
Rendering: 10/78 [>]  12% Output format html: Rendering: //Security/TrustBoundaries.html
Rendering: 11/78 [>]  14% Output format html: Rendering: //Security/Cryptography.html
Rendering: 12/78 [>]  15% Output format html: Rendering: //Security/AuditEvidence.html
Rendering: 13/78 [>]  16% Output format html: Rendering: //Security/KnownLimitations.html
Rendering: 14/78 [>]  17% Output format html: Rendering: //Operations/Index.html
Rendering: 15/78 [>]  19% Output format html: Rendering: //Operations/HardenedDeployment.html
Rendering: 16/78 [>]  20% Output format html: Rendering: //Operations/KeyCustody.html
Rendering: 17/78 [>]  21% Output format html: Rendering: //Operations/BackupAndRestore.html
Rendering: 18/78 [>]  23% Output format html: Rendering: //Operations/KeyRotation.html
Rendering: 19/78 [>]  24% Output format html: Rendering: //Operations/MonitoringAndAlerting.html
Rendering: 20/78 [>]  25% Output format html: Rendering: //Operations/IncidentResponse.html
Rendering: 21/78 [>]  26% Output format html: Rendering: //Operations/Decommissioning.html
Rendering: 22/78 [>]  28% Output format html: Rendering: //Auditor/Index.html
Rendering: 23/78 [>]  29% Output format html: Rendering: //Auditor/TargetOfEvaluation.html
Rendering: 24/78 [>]  30% Output format html: Rendering: //Auditor/ControlMapping.html
Rendering: 25/78 [>]  32% Output format html: Rendering: //Auditor/EvidenceCollection.html
Rendering: 26/78 [>]  33% Output format html: Rendering: //Auditor/VerificationProcedures.html
Rendering: 27/78 [>]  34% Output format html: Rendering: //Developer/Index.html[2026-10-08T22:19:37.065157+00:00] app.WARNING: Language "json5" is not available to highlight code [] []

Rendering: 28/78 [>]  35% Output format html: Rendering: //Developer/Api.html
Rendering: 29/78 [>]  37% Output format html: Rendering: //Developer/Commands.html
Rendering: 30/78 [>]  38% Output format html: Rendering: //Developer/TcaIntegration.html
Rendering: 31/78 [>]  39% Output format html: Rendering: //Developer/SecureOutbound.html
Rendering: 32/78 [>]  41% Output format html: Rendering: //Developer/HttpGuard.html
Rendering: 33/78 [>]  42% Output format html: Rendering: //Developer/TechnicalActorContext.html
Rendering: 34/78 [>]  43% Output format html: Rendering: //Developer/Adr/Index.html
Rendering: 35/78 [>]  44% Output format html: Rendering: //Developer/Adr/ADR-001-UuidV7Identifiers.html
Rendering: 36/78 [>]  46% Output format html: Rendering: //Developer/Adr/ADR-002-EnvelopeEncryption.html
Rendering: 37/78 [>]  47% Output format html: Rendering: //Developer/Adr/ADR-003-MasterKeyManagement.html
Rendering: 38/78 [>]  48% Output format html: Rendering: //Developer/Adr/ADR-004-TcaIntegration.html
Rendering: 39/78 [>]  50% Output format html: Rendering: //Developer/Adr/ADR-005-AccessControl.html
Rendering: 40/78 [>]  51% Output format html: Rendering: //Developer/Adr/ADR-006-AuditLogging.html
Rendering: 41/78 [>]  52% Output format html: Rendering: //Developer/Adr/ADR-007-SecretMetadata.html
Rendering: 42/78 [>]  53% Output format html: Rendering: //Developer/Adr/ADR-008-HttpClient.html
Rendering: 43/78 [>]  55% Output format html: Rendering: //Developer/Adr/ADR-009-ExtensionConfigurationSecrets.html
Rendering: 44/78 [>]  56% Output format html: Rendering: //Developer/Adr/ADR-010-SecureOutboundInNrVault.html
Rendering: 45/78 [>]  57% Output format html: Rendering: //Developer/Adr/ADR-011-CredentialSetsDataModel.html
Rendering: 46/78 [>]  58% Output format html: Rendering: //Developer/Adr/ADR-012-SecureHttpClientTransports.html
Rendering: 47/78 [>]  60% Output format html: Rendering: //Developer/Adr/ADR-013-RustFfiPreload.html
Rendering: 48/78 [>]  61% Output format html: Rendering: //Developer/Adr/ADR-014-PackagingNativeArtifacts.html
Rendering: 49/78 [>]  62% Output format html: Rendering: //Developer/Adr/ADR-015-Http3FeatureFlag.html
Rendering: 50/78 [>]  64% Output format html: Rendering: //Developer/Adr/ADR-016-SidecarOption.html
Rendering: 51/78 [>]  65% Output format html: Rendering: //Developer/Adr/ADR-017-AuditMetadataRetention.html
Rendering: 52/78 [>]  66% Output format html: Rendering: //Developer/Adr/ADR-018-FlexFormSecretLifecycle.html
Rendering: 53/78 [>]  67% Output format html: Rendering: //Developer/Adr/ADR-019-ConfigurableAuditReadLogging.html
Rendering: 54/78 [>]  69% Output format html: Rendering: //Developer/Adr/ADR-020-MasterKeyRequestLifetimeCaching.html
Rendering: 55/78 [>]  70% Output format html: Rendering: //Developer/Adr/ADR-021-BatchSecretLoading.html
Rendering: 56/78 [>]  71% Output format html: Rendering: //Developer/Adr/ADR-022-DedicatedOAuthException.html
Rendering: 57/78 [>]  73% Output format html: Rendering: //Developer/Adr/ADR-023-AuditHashChainHmac.html
Rendering: 58/78 [>]  74% Output format html: Rendering: //Developer/Adr/ADR-024-AuditHashForensicFields.html
Rendering: 59/78 [>]  75% Output format html: Rendering: //Developer/Adr/ADR-025-SecretEntityReadonly.html
Rendering: 60/78 [>]  76% Output format html: Rendering: //Developer/Adr/ADR-026-DnsRebindingDefence.html
Rendering: 61/78 [>]  78% Output format html: Rendering: //Developer/Adr/ADR-027-OAuthClientUnification.html
Rendering: 62/78 [>]  79% Output format html: Rendering: //Developer/Adr/ADR-028-PhpatHttpClientLock.html
Rendering: 63/78 [>]  80% Output format html: Rendering: //Developer/Adr/ADR-029-TechnicalActorContext.html
Rendering: 64/78 [>]  82% Output format html: Rendering: //Developer/Adr/ADR-030-SiteConfigVaultReadTimeResolution.html
Rendering: 65/78 [>]  83% Output format html: Rendering: //Developer/Adr/ADR-031-SharedSecretPatternCatalogue.html
Rendering: 66/78 [>]  84% Output format html: Rendering: //Developer/Adr/ADR-032-PortableEnvelopeCodec.html
Rendering: 67/78 [>]  85% Output format html: Rendering: //Developer/Adr/ADR-033-ForeignEnvelopeRotation.html
Rendering: 68/78 [>]  87% Output format html: Rendering: //Developer/Adr/ADR-034-AuditChainTipAnchor.html
Rendering: 69/78 [>]  88% Output format html: Rendering: //Developer/Adr/ADR-035-FrontendPlaceholderAllowSet.html
Rendering: 70/78 [>]  89% Output format html: Rendering: //Developer/Adr/ADR-036-MutationAuditAtomicity.html
Rendering: 71/78 [>]  91% Output format html: Rendering: //Developer/Adr/ADR-037-CancellableOutboundSend.html
Rendering: 72/78 [>]  92% Output format html: Rendering: //Developer/Adr/ADR-038-UnresolvableHostIsRefused.html
Rendering: 73/78 [>]  93% Output format html: Rendering: //Developer/Adr/ADR-039-StreamingSendKeepsTheDnsPin.html
Rendering: 74/78 [>]  94% Output format html: Rendering: //Developer/Adr/ADR-040-CancellableSendBoundsSilence.html
Rendering: 75/78 [>]  96% Output format html: Rendering: //Developer/Adr/ADR-041-OptInHttpGuardAdapter.html
Rendering: 76/78 [>]  97% Output format html: Rendering: //Troubleshooting/Index.html
Rendering: 77/78 [>]  98% Output format html: Rendering: //Sitemap.html
Rendering: 78/78 [=] 100% Output format html: Rendering: //Sitemap.html
Rendering: 78/78 [=] 100% Output format interlink: Rendered 78 documents in 0.01 seconds
Rendering: 78/78 [=] 100% Output format html: Rendering: //Index.md
Rendering: 78/78 [=] 100% Output format interlink: Rendering: //Index.mdRendering:  0/78 [>---------------]   0% Output format md: Rendering: //Index.md
Rendering: 79/79 [=] 100% Output format html: Rendering: //Index.md
Rendering: 79/79 [=] 100% Output format interlink: Rendering: //Index.md
Rendering: 79/79 [=] 100% Output format html: Rendering: //Introduction/Index.md
Rendering: 79/79 [=] 100% Output format interlink: Rendering: //Introduction/Index.md
Rendering:  1/78 [>--]   1% Output format md: Rendering: //Introduction/Index.md
Rendering: 80/80 [=] 100% Output format html: Rendering: //Introduction/Index.md
Rendering: 80/80 [=] 100% Output format interlink: Rendering: //Introduction/Index.md
Rendering: 80/80 [=] 100% Output format html: Rendering: //Installation/Index.md
Rendering: 80/80 [=] 100% Output format interlink: Rendering: //Installation/Index.md
Rendering:  2/78 [>--]   2% Output format md: Rendering: //Installation/Index.md
Rendering: 81/81 [=] 100% Output format html: Rendering: //Installation/Index.md
Rendering: 81/81 [=] 100% Output format interlink: Rendering: //Installation/Index.md
Rendering: 81/81 [=] 100% Output format html: Rendering: //Configuration/Index.md
Rendering: 81/81 [=] 100% Output format interlink: Rendering: //Configuration/Index.md
Rendering:  3/78 [>-]   3% Output format md: Rendering: //Configuration/Index.md
Rendering: 82/82 [=] 100% Output format html: Rendering: //Configuration/Index.md
Rendering: 82/82 [=] 100% Output format interlink: Rendering: //Configuration/Index.md
Rendering: 82/82 [=] 100% Output format html: Rendering: //Usage/Index.md
Rendering: 82/82 [=] 100% Output format interlink: Rendering: //Usage/Index.md
Rendering:  4/78 [>-]   5% Output format md: Rendering: //Usage/Index.md
Rendering: 83/83 [=] 100% Output format html: Rendering: //Usage/Index.md
Rendering: 83/83 [=] 100% Output format interlink: Rendering: //Usage/Index.md
Rendering: 83/83 [=] 100% Output format html: Rendering: //Usage/ApiEndpointExample.md
Rendering: 83/83 [=] 100% Output format interlink: Rendering: //Usage/ApiEndpointExample.md
Rendering:  5/78 [>]   6% Output format md: Rendering: //Usage/ApiEndpointExample.md
Rendering: 84/84 [=] 100% Output format html: Rendering: //Usage/ApiEndpointExample.md
Rendering: 84/84 [=] 100% Output format interlink: Rendering: //Usage/ApiEndpointExample.md
Rendering: 84/84 [=] 100% Output format html: Rendering: //Usage/ExtensionSettings.md
Rendering: 84/84 [=] 100% Output format interlink: Rendering: //Usage/ExtensionSettings.md
Rendering:  6/78 [>]   7% Output format md: Rendering: //Usage/ExtensionSettings.md
Rendering: 85/85 [=] 100% Output format html: Rendering: //Usage/ExtensionSettings.md
Rendering: 85/85 [=] 100% Output format interlink: Rendering: //Usage/ExtensionSettings.md
Rendering: 85/85 [=] 100% Output format html: Rendering: //Security/Index.md
Rendering: 85/85 [=] 100% Output format interlink: Rendering: //Security/Index.md
Rendering:  7/78 [>]   8% Output format md: Rendering: //Security/Index.md
Rendering: 86/86 [=] 100% Output format html: Rendering: //Security/Index.md
Rendering: 86/86 [=] 100% Output format interlink: Rendering: //Security/Index.md
Rendering: 86/86 [=] 100% Output format html: Rendering: //Security/ThreatModel.md
Rendering: 86/86 [=] 100% Output format interlink: Rendering: //Security/ThreatModel.md
Rendering:  8/78 [>]  10% Output format md: Rendering: //Security/ThreatModel.md
Rendering: 87/87 [=] 100% Output format html: Rendering: //Security/ThreatModel.md
Rendering: 87/87 [=] 100% Output format interlink: Rendering: //Security/ThreatModel.md
Rendering: 87/87 [=] 100% Output format html: Rendering: //Security/SecurityProfiles.md
Rendering: 87/87 [=] 100% Output format interlink: Rendering: //Security/SecurityProfiles.md
Rendering:  9/78 [>]  11% Output format md: Rendering: //Security/SecurityProfiles.md
Rendering: 88/88 [=] 100% Output format html: Rendering: //Security/SecurityProfiles.md
Rendering: 88/88 [=] 100% Output format interlink: Rendering: //Security/SecurityProfiles.md
Rendering: 88/88 [=] 100% Output format html: Rendering: //Security/TrustBoundaries.md
Rendering: 88/88 [=] 100% Output format interlink: Rendering: //Security/TrustBoundaries.md
Rendering: 10/78 [>]  12% Output format md: Rendering: //Security/TrustBoundaries.md
Rendering: 89/89 [=] 100% Output format html: Rendering: //Security/TrustBoundaries.md
Rendering: 89/89 [=] 100% Output format interlink: Rendering: //Security/TrustBoundaries.md
Rendering: 89/89 [=] 100% Output format html: Rendering: //Security/Cryptography.md
Rendering: 89/89 [=] 100% Output format interlink: Rendering: //Security/Cryptography.md
Rendering: 11/78 [>]  14% Output format md: Rendering: //Security/Cryptography.md
Rendering: 90/90 [=] 100% Output format html: Rendering: //Security/Cryptography.md
Rendering: 90/90 [=] 100% Output format interlink: Rendering: //Security/Cryptography.md
Rendering: 90/90 [=] 100% Output format html: Rendering: //Security/AuditEvidence.md
Rendering: 90/90 [=] 100% Output format interlink: Rendering: //Security/AuditEvidence.md
Rendering: 12/78 [>]  15% Output format md: Rendering: //Security/AuditEvidence.md
Rendering: 91/91 [=] 100% Output format html: Rendering: //Security/AuditEvidence.md
Rendering: 91/91 [=] 100% Output format interlink: Rendering: //Security/AuditEvidence.md
Rendering: 91/91 [=] 100% Output format html: Rendering: //Security/KnownLimitations.md
Rendering: 91/91 [=] 100% Output format interlink: Rendering: //Security/KnownLimitations.md
Rendering: 13/78 [>]  16% Output format md: Rendering: //Security/KnownLimitations.md
Rendering: 92/92 [=] 100% Output format html: Rendering: //Security/KnownLimitations.md
Rendering: 92/92 [=] 100% Output format interlink: Rendering: //Security/KnownLimitations.md
Rendering: 92/92 [=] 100% Output format html: Rendering: //Operations/Index.md
Rendering: 92/92 [=] 100% Output format interlink: Rendering: //Operations/Index.md
Rendering: 14/78 [>]  17% Output format md: Rendering: //Operations/Index.md
Rendering: 93/93 [=] 100% Output format html: Rendering: //Operations/Index.md
Rendering: 93/93 [=] 100% Output format interlink: Rendering: //Operations/Index.md
Rendering: 93/93 [=] 100% Output format html: Rendering: //Operations/HardenedDeployment.md
Rendering: 93/93 [=] 100% Output format interlink: Rendering: //Operations/HardenedDeployment.md
Rendering: 15/78 [>]  19% Output format md: Rendering: //Operations/HardenedDeployment.md
Rendering: 94/94 [=] 100% Output format html: Rendering: //Operations/HardenedDeployment.md
Rendering: 94/94 [=] 100% Output format interlink: Rendering: //Operations/HardenedDeployment.md
Rendering: 94/94 [=] 100% Output format html: Rendering: //Operations/KeyCustody.md
Rendering: 94/94 [=] 100% Output format interlink: Rendering: //Operations/KeyCustody.md
Rendering: 16/78 [>]  20% Output format md: Rendering: //Operations/KeyCustody.md
Rendering: 95/95 [=] 100% Output format html: Rendering: //Operations/KeyCustody.md
Rendering: 95/95 [=] 100% Output format interlink: Rendering: //Operations/KeyCustody.md
Rendering: 95/95 [=] 100% Output format html: Rendering: //Operations/BackupAndRestore.md
Rendering: 95/95 [=] 100% Output format interlink: Rendering: //Operations/BackupAndRestore.md
Rendering: 17/78 [>]  21% Output format md: Rendering: //Operations/BackupAndRestore.md
Rendering: 96/96 [=] 100% Output format html: Rendering: //Operations/BackupAndRestore.md
Rendering: 96/96 [=] 100% Output format interlink: Rendering: //Operations/BackupAndRestore.md
Rendering: 96/96 [=] 100% Output format html: Rendering: //Operations/KeyRotation.md
Rendering: 96/96 [=] 100% Output format interlink: Rendering: //Operations/KeyRotation.md
Rendering: 18/78 [>]  23% Output format md: Rendering: //Operations/KeyRotation.md
Rendering: 97/97 [=] 100% Output format html: Rendering: //Operations/KeyRotation.md
Rendering: 97/97 [=] 100% Output format interlink: Rendering: //Operations/KeyRotation.md
Rendering: 97/97 [=] 100% Output format html: Rendering: //Operations/MonitoringAndAlerting.md
Rendering: 97/97 [=] 100% Output format interlink: Rendering: //Operations/MonitoringAndAlerting.md
Rendering: 19/78 [>]  24% Output format md: Rendering: //Operations/MonitoringAndAlerting.md
Rendering: 98/98 [=] 100% Output format html: Rendering: //Operations/MonitoringAndAlerting.md
Rendering: 98/98 [=] 100% Output format interlink: Rendering: //Operations/MonitoringAndAlerting.md
Rendering: 20/78 [>]  25% Output format md: Rendering: //Operations/MonitoringAndAlerting.md
Rendering: 98/98 [=] 100% Output format html: Rendering: //Operations/IncidentResponse.md
Rendering: 98/98 [=] 100% Output format interlink: Rendering: //Operations/IncidentResponse.md
Rendering: 20/78 [>]  25% Output format md: Rendering: //Operations/IncidentResponse.md
Rendering: 99/99 [=] 100% Output format html: Rendering: //Operations/IncidentResponse.md
Rendering: 99/99 [=] 100% Output format interlink: Rendering: //Operations/IncidentResponse.md
Rendering: 99/99 [=] 100% Output format html: Rendering: //Operations/Decommissioning.md
Rendering: 99/99 [=] 100% Output format interlink: Rendering: //Operations/Decommissioning.md
Rendering: 21/78 [>]  26% Output format md: Rendering: //Operations/Decommissioning.md
Rendering: 100/100 [=] 100% Output format html: Rendering: //Operations/Decommissioning.md
Rendering: 100/100 [=] 100% Output format interlink: Rendering: //Operations/Decommissioning.md
Rendering: 100/100 [=] 100% Output format html: Rendering: //Auditor/Index.md
Rendering: 100/100 [=] 100% Output format interlink: Rendering: //Auditor/Index.md
Rendering: 22/78 [>]  28% Output format md: Rendering: //Auditor/Index.md
Rendering: 101/101 [=] 100% Output format html: Rendering: //Auditor/Index.md
Rendering: 101/101 [=] 100% Output format interlink: Rendering: //Auditor/Index.md
Rendering: 101/101 [=] 100% Output format html: Rendering: //Auditor/TargetOfEvaluation.md
Rendering: 101/101 [=] 100% Output format interlink: Rendering: //Auditor/TargetOfEvaluation.md
Rendering: 23/78 [>]  29% Output format md: Rendering: //Auditor/TargetOfEvaluation.md
Rendering: 102/102 [=] 100% Output format html: Rendering: //Auditor/TargetOfEvaluation.md
Rendering: 102/102 [=] 100% Output format interlink: Rendering: //Auditor/TargetOfEvaluation.md
Rendering: 102/102 [=] 100% Output format html: Rendering: //Auditor/ControlMapping.md
Rendering: 102/102 [=] 100% Output format interlink: Rendering: //Auditor/ControlMapping.md
Rendering: 24/78 [>]  30% Output format md: Rendering: //Auditor/ControlMapping.md
Rendering: 103/103 [=] 100% Output format html: Rendering: //Auditor/ControlMapping.md
Rendering: 103/103 [=] 100% Output format interlink: Rendering: //Auditor/ControlMapping.md
Rendering: 103/103 [=] 100% Output format html: Rendering: //Auditor/EvidenceCollection.md
Rendering: 103/103 [=] 100% Output format interlink: Rendering: //Auditor/EvidenceCollection.md
Rendering: 25/78 [>]  32% Output format md: Rendering: //Auditor/EvidenceCollection.md
Rendering: 104/104 [=] 100% Output format html: Rendering: //Auditor/EvidenceCollection.md
Rendering: 104/104 [=] 100% Output format interlink: Rendering: //Auditor/EvidenceCollection.md
Rendering: 104/104 [=] 100% Output format html: Rendering: //Auditor/VerificationProcedures.md
Rendering: 104/104 [=] 100% Output format interlink: Rendering: //Auditor/VerificationProcedures.md
Rendering: 26/78 [>]  33% Output format md: Rendering: //Auditor/VerificationProcedures.md
Rendering: 105/105 [=] 100% Output format html: Rendering: //Auditor/VerificationProcedures.md
Rendering: 105/105 [=] 100% Output format interlink: Rendering: //Auditor/VerificationProcedures.md
Rendering: 105/105 [=] 100% Output format html: Rendering: //Developer/Index.md
Rendering: 105/105 [=] 100% Output format interlink: Rendering: //Developer/Index.md
Rendering: 27/78 [>]  34% Output format md: Rendering: //Developer/Index.md
Rendering: 106/106 [=] 100% Output format html: Rendering: //Developer/Index.md
Rendering: 106/106 [=] 100% Output format interlink: Rendering: //Developer/Index.md
Rendering: 106/106 [=] 100% Output format html: Rendering: //Developer/Api.md
Rendering: 106/106 [=] 100% Output format interlink: Rendering: //Developer/Api.md
Rendering: 28/78 [>]  35% Output format md: Rendering: //Developer/Api.md
Rendering: 107/107 [=] 100% Output format html: Rendering: //Developer/Api.md
Rendering: 107/107 [=] 100% Output format interlink: Rendering: //Developer/Api.md
Rendering: 107/107 [=] 100% Output format html: Rendering: //Developer/Commands.md
Rendering: 107/107 [=] 100% Output format interlink: Rendering: //Developer/Commands.md
Rendering: 29/78 [>]  37% Output format md: Rendering: //Developer/Commands.md
Rendering: 108/108 [=] 100% Output format html: Rendering: //Developer/Commands.md
Rendering: 108/108 [=] 100% Output format interlink: Rendering: //Developer/Commands.md
Rendering: 108/108 [=] 100% Output format html: Rendering: //Developer/TcaIntegration.md
Rendering: 108/108 [=] 100% Output format interlink: Rendering: //Developer/TcaIntegration.md
Rendering: 30/78 [>]  38% Output format md: Rendering: //Developer/TcaIntegration.md
Rendering: 109/109 [=] 100% Output format html: Rendering: //Developer/TcaIntegration.md
Rendering: 109/109 [=] 100% Output format interlink: Rendering: //Developer/TcaIntegration.md
Rendering: 109/109 [=] 100% Output format html: Rendering: //Developer/SecureOutbound.md
Rendering: 109/109 [=] 100% Output format interlink: Rendering: //Developer/SecureOutbound.md
Rendering: 31/78 [>]  39% Output format md: Rendering: //Developer/SecureOutbound.md
Rendering: 110/110 [=] 100% Output format html: Rendering: //Developer/SecureOutbound.md
Rendering: 110/110 [=] 100% Output format interlink: Rendering: //Developer/SecureOutbound.md
Rendering: 110/110 [=] 100% Output format html: Rendering: //Developer/HttpGuard.md
Rendering: 110/110 [=] 100% Output format interlink: Rendering: //Developer/HttpGuard.md
Rendering: 32/78 [>]  41% Output format md: Rendering: //Developer/HttpGuard.md
Rendering: 111/111 [=] 100% Output format html: Rendering: //Developer/HttpGuard.md
Rendering: 111/111 [=] 100% Output format interlink: Rendering: //Developer/HttpGuard.md
Rendering: 111/111 [=] 100% Output format html: Rendering: //Developer/TechnicalActorContext.md
Rendering: 111/111 [=] 100% Output format interlink: Rendering: //Developer/TechnicalActorContext.md
Rendering: 33/78 [>]  42% Output format md: Rendering: //Developer/TechnicalActorContext.md
Rendering: 112/112 [=] 100% Output format html: Rendering: //Developer/TechnicalActorContext.md
Rendering: 112/112 [=] 100% Output format interlink: Rendering: //Developer/TechnicalActorContext.md
Rendering: 112/112 [=] 100% Output format html: Rendering: //Developer/Adr/Index.md
Rendering: 112/112 [=] 100% Output format interlink: Rendering: //Developer/Adr/Index.md
Rendering: 34/78 [>]  43% Output format md: Rendering: //Developer/Adr/Index.md
Rendering: 113/113 [=] 100% Output format html: Rendering: //Developer/Adr/Index.md
Rendering: 113/113 [=] 100% Output format interlink: Rendering: //Developer/Adr/Index.md
Rendering: 113/113 [=] 100% Output format html: Rendering: //Developer/Adr/ADR-001-UuidV7Identifiers.md
Rendering: 113/113 [=] 100% Output format interlink: Rendering: //Developer/Adr/ADR-001-UuidV7Identifiers.md
Rendering: 35/78 [>]  44% Output format md: Rendering: //Developer/Adr/ADR-001-UuidV7Identifiers.md
Rendering: 114/114 [=] 100% Output format html: Rendering: //Developer/Adr/ADR-001-UuidV7Identifiers.md
Rendering: 114/114 [=] 100% Output format interlink: Rendering: //Developer/Adr/ADR-001-UuidV7Identifiers.md
Rendering: 114/114 [=] 100% Output format html: Rendering: //Developer/Adr/ADR-002-EnvelopeEncryption.md
Rendering: 114/114 [=] 100% Output format interlink: Rendering: //Developer/Adr/ADR-002-EnvelopeEncryption.md
Rendering: 36/78 [>]  46% Output format md: Rendering: //Developer/Adr/ADR-002-EnvelopeEncryption.md
Rendering: 115/115 [=] 100% Output format html: Rendering: //Developer/Adr/ADR-002-EnvelopeEncryption.md
Rendering: 115/115 [=] 100% Output format interlink: Rendering: //Developer/Adr/ADR-002-EnvelopeEncryption.md
Rendering: 115/115 [=] 100% Output format html: Rendering: //Developer/Adr/ADR-003-MasterKeyManagement.md
Rendering: 115/115 [=] 100% Output format interlink: Rendering: //Developer/Adr/ADR-003-MasterKeyManagement.md
Rendering: 37/78 [>]  47% Output format md: Rendering: //Developer/Adr/ADR-003-MasterKeyManagement.md
Rendering: 116/116 [=] 100% Output format html: Rendering: //Developer/Adr/ADR-003-MasterKeyManagement.md
Rendering: 116/116 [=] 100% Output format interlink: Rendering: //Developer/Adr/ADR-003-MasterKeyManagement.md
Rendering: 116/116 [=] 100% Output format html: Rendering: //Developer/Adr/ADR-004-TcaIntegration.md
Rendering: 116/116 [=] 100% Output format interlink: Rendering: //Developer/Adr/ADR-004-TcaIntegration.md
Rendering: 38/78 [>]  48% Output format md: Rendering: //Developer/Adr/ADR-004-TcaIntegration.md
Rendering: 117/117 [=] 100% Output format html: Rendering: //Developer/Adr/ADR-004-TcaIntegration.md
Rendering: 117/117 [=] 100% Output format interlink: Rendering: //Developer/Adr/ADR-004-TcaIntegration.md
Rendering: 117/117 [=] 100% Output format html: Rendering: //Developer/Adr/ADR-005-AccessControl.md
Rendering: 117/117 [=] 100% Output format interlink: Rendering: //Developer/Adr/ADR-005-AccessControl.md
Rendering: 39/78 [>]  50% Output format md: Rendering: //Developer/Adr/ADR-005-AccessControl.md
Rendering: 118/118 [=] 100% Output format html: Rendering: //Developer/Adr/ADR-005-AccessControl.md
Rendering: 118/118 [=] 100% Output format interlink: Rendering: //Developer/Adr/ADR-005-AccessControl.md
Rendering: 118/118 [=] 100% Output format html: Rendering: //Developer/Adr/ADR-006-AuditLogging.md
Rendering: 118/118 [=] 100% Output format interlink: Rendering: //Developer/Adr/ADR-006-AuditLogging.md
Rendering: 40/78 [>]  51% Output format md: Rendering: //Developer/Adr/ADR-006-AuditLogging.md
Rendering: 119/119 [=] 100% Output format html: Rendering: //Developer/Adr/ADR-006-AuditLogging.md
Rendering: 119/119 [=] 100% Output format interlink: Rendering: //Developer/Adr/ADR-006-AuditLogging.md
Rendering: 119/119 [=] 100% Output format html: Rendering: //Developer/Adr/ADR-007-SecretMetadata.md
Rendering: 119/119 [=] 100% Output format interlink: Rendering: //Developer/Adr/ADR-007-SecretMetadata.md
Rendering: 41/78 [>]  52% Output format md: Rendering: //Developer/Adr/ADR-007-SecretMetadata.md
Rendering: 120/120 [=] 100% Output format html: Rendering: //Developer/Adr/ADR-007-SecretMetadata.md
Rendering: 120/120 [=] 100% Output format interlink: Rendering: //Developer/Adr/ADR-007-SecretMetadata.md
Rendering: 120/120 [=] 100% Output format html: Rendering: //Developer/Adr/ADR-008-HttpClient.md
Rendering: 120/120 [=] 100% Output format interlink: Rendering: //Developer/Adr/ADR-008-HttpClient.md
Rendering: 42/78 [>]  53% Output format md: Rendering: //Developer/Adr/ADR-008-HttpClient.md
Rendering: 121/121 [=] 100% Output format html: Rendering: //Developer/Adr/ADR-008-HttpClient.md
Rendering: 121/121 [=] 100% Output format interlink: Rendering: //Developer/Adr/ADR-008-HttpClient.md
Rendering: 121/121 [=] 100% Output format html: Rendering: //Developer/Adr/ADR-009-ExtensionConfigurationSecrets.md
Rendering: 121/121 [=] 100% Output format interlink: Rendering: //Developer/Adr/ADR-009-ExtensionConfigurationSecrets.md
Rendering: 43/78 [>]  55% Output format md: Rendering: //Developer/Adr/ADR-009-ExtensionConfigurationSecrets.md
Rendering: 122/122 [=] 100% Output format html: Rendering: //Developer/Adr/ADR-009-ExtensionConfigurationSecrets.md
Rendering: 122/122 [=] 100% Output format interlink: Rendering: //Developer/Adr/ADR-009-ExtensionConfigurationSecrets.md
Rendering: 122/122 [=] 100% Output format html: Rendering: //Developer/Adr/ADR-010-SecureOutboundInNrVault.md
Rendering: 122/122 [=] 100% Output format interlink: Rendering: //Developer/Adr/ADR-010-SecureOutboundInNrVault.md
Rendering: 44/78 [>]  56% Output format md: Rendering: //Developer/Adr/ADR-010-SecureOutboundInNrVault.md
Rendering: 123/123 [=] 100% Output format html: Rendering: //Developer/Adr/ADR-010-SecureOutboundInNrVault.md
Rendering: 123/123 [=] 100% Output format interlink: Rendering: //Developer/Adr/ADR-010-SecureOutboundInNrVault.md
Rendering: 123/123 [=] 100% Output format html: Rendering: //Developer/Adr/ADR-011-CredentialSetsDataModel.md
Rendering: 123/123 [=] 100% Output format interlink: Rendering: //Developer/Adr/ADR-011-CredentialSetsDataModel.md
Rendering: 45/78 [>]  57% Output format md: Rendering: //Developer/Adr/ADR-011-CredentialSetsDataModel.md
Rendering: 124/124 [=] 100% Output format html: Rendering: //Developer/Adr/ADR-011-CredentialSetsDataModel.md
Rendering: 124/124 [=] 100% Output format interlink: Rendering: //Developer/Adr/ADR-011-CredentialSetsDataModel.md
Rendering: 124/124 [=] 100% Output format html: Rendering: //Developer/Adr/ADR-012-SecureHttpClientTransports.md
Rendering: 124/124 [=] 100% Output format interlink: Rendering: //Developer/Adr/ADR-012-SecureHttpClientTransports.md
Rendering: 46/78 [>]  58% Output format md: Rendering: //Developer/Adr/ADR-012-SecureHttpClientTransports.md
Rendering: 125/125 [=] 100% Output format html: Rendering: //Developer/Adr/ADR-012-SecureHttpClientTransports.md
Rendering: 125/125 [=] 100% Output format interlink: Rendering: //Developer/Adr/ADR-012-SecureHttpClientTransports.md
Rendering: 125/125 [=] 100% Output format html: Rendering: //Developer/Adr/ADR-013-RustFfiPreload.md
Rendering: 125/125 [=] 100% Output format interlink: Rendering: //Developer/Adr/ADR-013-RustFfiPreload.md
Rendering: 47/78 [>]  60% Output format md: Rendering: //Developer/Adr/ADR-013-RustFfiPreload.md
Rendering: 126/126 [=] 100% Output format html: Rendering: //Developer/Adr/ADR-013-RustFfiPreload.md
Rendering: 126/126 [=] 100% Output format interlink: Rendering: //Developer/Adr/ADR-013-RustFfiPreload.md
Rendering: 126/126 [=] 100% Output format html: Rendering: //Developer/Adr/ADR-014-PackagingNativeArtifacts.md
Rendering: 126/126 [=] 100% Output format interlink: Rendering: //Developer/Adr/ADR-014-PackagingNativeArtifacts.md
Rendering: 48/78 [>]  61% Output format md: Rendering: //Developer/Adr/ADR-014-PackagingNativeArtifacts.md
Rendering: 127/127 [=] 100% Output format html: Rendering: //Developer/Adr/ADR-014-PackagingNativeArtifacts.md
Rendering: 127/127 [=] 100% Output format interlink: Rendering: //Developer/Adr/ADR-014-PackagingNativeArtifacts.md
Rendering: 127/127 [=] 100% Output format html: Rendering: //Developer/Adr/ADR-015-Http3FeatureFlag.md
Rendering: 127/127 [=] 100% Output format interlink: Rendering: //Developer/Adr/ADR-015-Http3FeatureFlag.md
Rendering: 49/78 [>]  62% Output format md: Rendering: //Developer/Adr/ADR-015-Http3FeatureFlag.md
Rendering: 128/128 [=] 100% Output format html: Rendering: //Developer/Adr/ADR-015-Http3FeatureFlag.md
Rendering: 128/128 [=] 100% Output format interlink: Rendering: //Developer/Adr/ADR-015-Http3FeatureFlag.md
Rendering: 128/128 [=] 100% Output format html: Rendering: //Developer/Adr/ADR-016-SidecarOption.md
Rendering: 128/128 [=] 100% Output format interlink: Rendering: //Developer/Adr/ADR-016-SidecarOption.md
Rendering: 50/78 [>]  64% Output format md: Rendering: //Developer/Adr/ADR-016-SidecarOption.md
Rendering: 129/129 [=] 100% Output format html: Rendering: //Developer/Adr/ADR-016-SidecarOption.md
Rendering: 129/129 [=] 100% Output format interlink: Rendering: //Developer/Adr/ADR-016-SidecarOption.md
Rendering: 129/129 [=] 100% Output format html: Rendering: //Developer/Adr/ADR-017-AuditMetadataRetention.md
Rendering: 129/129 [=] 100% Output format interlink: Rendering: //Developer/Adr/ADR-017-AuditMetadataRetention.md
Rendering: 51/78 [>]  65% Output format md: Rendering: //Developer/Adr/ADR-017-AuditMetadataRetention.md
Rendering: 130/130 [=] 100% Output format html: Rendering: //Developer/Adr/ADR-017-AuditMetadataRetention.md
Rendering: 130/130 [=] 100% Output format interlink: Rendering: //Developer/Adr/ADR-017-AuditMetadataRetention.md
Rendering: 130/130 [=] 100% Output format html: Rendering: //Developer/Adr/ADR-018-FlexFormSecretLifecycle.md
Rendering: 130/130 [=] 100% Output format interlink: Rendering: //Developer/Adr/ADR-018-FlexFormSecretLifecycle.md
Rendering: 52/78 [>]  66% Output format md: Rendering: //Developer/Adr/ADR-018-FlexFormSecretLifecycle.md
Rendering: 131/131 [=] 100% Output format html: Rendering: //Developer/Adr/ADR-018-FlexFormSecretLifecycle.md
Rendering: 131/131 [=] 100% Output format interlink: Rendering: //Developer/Adr/ADR-018-FlexFormSecretLifecycle.md
Rendering: 131/131 [=] 100% Output format html: Rendering: //Developer/Adr/ADR-019-ConfigurableAuditReadLogging.md
Rendering: 131/131 [=] 100% Output format interlink: Rendering: //Developer/Adr/ADR-019-ConfigurableAuditReadLogging.md
Rendering: 53/78 [>]  67% Output format md: Rendering: //Developer/Adr/ADR-019-ConfigurableAuditReadLogging.md
Rendering: 132/132 [=] 100% Output format html: Rendering: //Developer/Adr/ADR-019-ConfigurableAuditReadLogging.md
Rendering: 132/132 [=] 100% Output format interlink: Rendering: //Developer/Adr/ADR-019-ConfigurableAuditReadLogging.md
Rendering: 132/132 [=] 100% Output format html: Rendering: //Developer/Adr/ADR-020-MasterKeyRequestLifetimeCaching.md
Rendering: 132/132 [=] 100% Output format interlink: Rendering: //Developer/Adr/ADR-020-MasterKeyRequestLifetimeCaching.md
Rendering: 54/78 [>]  69% Output format md: Rendering: //Developer/Adr/ADR-020-MasterKeyRequestLifetimeCaching.md
Rendering: 133/133 [=] 100% Output format html: Rendering: //Developer/Adr/ADR-020-MasterKeyRequestLifetimeCaching.md
Rendering: 133/133 [=] 100% Output format interlink: Rendering: //Developer/Adr/ADR-020-MasterKeyRequestLifetimeCaching.md
Rendering: 133/133 [=] 100% Output format html: Rendering: //Developer/Adr/ADR-021-BatchSecretLoading.md
Rendering: 133/133 [=] 100% Output format interlink: Rendering: //Developer/Adr/ADR-021-BatchSecretLoading.md
Rendering: 55/78 [>]  70% Output format md: Rendering: //Developer/Adr/ADR-021-BatchSecretLoading.md
Rendering: 134/134 [=] 100% Output format html: Rendering: //Developer/Adr/ADR-021-BatchSecretLoading.md
Rendering: 134/134 [=] 100% Output format interlink: Rendering: //Developer/Adr/ADR-021-BatchSecretLoading.md
Rendering: 134/134 [=] 100% Output format html: Rendering: //Developer/Adr/ADR-022-DedicatedOAuthException.md
Rendering: 134/134 [=] 100% Output format interlink: Rendering: //Developer/Adr/ADR-022-DedicatedOAuthException.md
Rendering: 56/78 [>]  71% Output format md: Rendering: //Developer/Adr/ADR-022-DedicatedOAuthException.md
Rendering: 135/135 [=] 100% Output format html: Rendering: //Developer/Adr/ADR-022-DedicatedOAuthException.md
Rendering: 135/135 [=] 100% Output format interlink: Rendering: //Developer/Adr/ADR-022-DedicatedOAuthException.md
Rendering: 135/135 [=] 100% Output format html: Rendering: //Developer/Adr/ADR-023-AuditHashChainHmac.md
Rendering: 135/135 [=] 100% Output format interlink: Rendering: //Developer/Adr/ADR-023-AuditHashChainHmac.md
Rendering: 57/78 [>]  73% Output format md: Rendering: //Developer/Adr/ADR-023-AuditHashChainHmac.md
Rendering: 136/136 [=] 100% Output format html: Rendering: //Developer/Adr/ADR-023-AuditHashChainHmac.md
Rendering: 136/136 [=] 100% Output format interlink: Rendering: //Developer/Adr/ADR-023-AuditHashChainHmac.md
Rendering: 136/136 [=] 100% Output format html: Rendering: //Developer/Adr/ADR-024-AuditHashForensicFields.md
Rendering: 136/136 [=] 100% Output format interlink: Rendering: //Developer/Adr/ADR-024-AuditHashForensicFields.md
Rendering: 58/78 [>]  74% Output format md: Rendering: //Developer/Adr/ADR-024-AuditHashForensicFields.md
Rendering: 137/137 [=] 100% Output format html: Rendering: //Developer/Adr/ADR-024-AuditHashForensicFields.md
Rendering: 137/137 [=] 100% Output format interlink: Rendering: //Developer/Adr/ADR-024-AuditHashForensicFields.md
Rendering: 137/137 [=] 100% Output format html: Rendering: //Developer/Adr/ADR-025-SecretEntityReadonly.md
Rendering: 137/137 [=] 100% Output format interlink: Rendering: //Developer/Adr/ADR-025-SecretEntityReadonly.md
Rendering: 59/78 [>]  75% Output format md: Rendering: //Developer/Adr/ADR-025-SecretEntityReadonly.md
Rendering: 138/138 [=] 100% Output format html: Rendering: //Developer/Adr/ADR-025-SecretEntityReadonly.md
Rendering: 138/138 [=] 100% Output format interlink: Rendering: //Developer/Adr/ADR-025-SecretEntityReadonly.md
Rendering: 138/138 [=] 100% Output format html: Rendering: //Developer/Adr/ADR-026-DnsRebindingDefence.md
Rendering: 138/138 [=] 100% Output format interlink: Rendering: //Developer/Adr/ADR-026-DnsRebindingDefence.md
Rendering: 60/78 [>]  76% Output format md: Rendering: //Developer/Adr/ADR-026-DnsRebindingDefence.md
Rendering: 139/139 [=] 100% Output format html: Rendering: //Developer/Adr/ADR-026-DnsRebindingDefence.md
Rendering: 139/139 [=] 100% Output format interlink: Rendering: //Developer/Adr/ADR-026-DnsRebindingDefence.md
Rendering: 139/139 [=] 100% Output format html: Rendering: //Developer/Adr/ADR-027-OAuthClientUnification.md
Rendering: 139/139 [=] 100% Output format interlink: Rendering: //Developer/Adr/ADR-027-OAuthClientUnification.md
Rendering: 61/78 [>]  78% Output format md: Rendering: //Developer/Adr/ADR-027-OAuthClientUnification.md
Rendering: 140/140 [=] 100% Output format html: Rendering: //Developer/Adr/ADR-027-OAuthClientUnification.md
Rendering: 140/140 [=] 100% Output format interlink: Rendering: //Developer/Adr/ADR-027-OAuthClientUnification.md
Rendering: 140/140 [=] 100% Output format html: Rendering: //Developer/Adr/ADR-028-PhpatHttpClientLock.md
Rendering: 140/140 [=] 100% Output format interlink: Rendering: //Developer/Adr/ADR-028-PhpatHttpClientLock.md
Rendering: 62/78 [>]  79% Output format md: Rendering: //Developer/Adr/ADR-028-PhpatHttpClientLock.md
Rendering: 141/141 [=] 100% Output format html: Rendering: //Developer/Adr/ADR-028-PhpatHttpClientLock.md
Rendering: 141/141 [=] 100% Output format interlink: Rendering: //Developer/Adr/ADR-028-PhpatHttpClientLock.md
Rendering: 141/141 [=] 100% Output format html: Rendering: //Developer/Adr/ADR-029-TechnicalActorContext.md
Rendering: 141/141 [=] 100% Output format interlink: Rendering: //Developer/Adr/ADR-029-TechnicalActorContext.md
Rendering: 63/78 [>]  80% Output format md: Rendering: //Developer/Adr/ADR-029-TechnicalActorContext.md
Rendering: 142/142 [=] 100% Output format html: Rendering: //Developer/Adr/ADR-029-TechnicalActorContext.md
Rendering: 142/142 [=] 100% Output format interlink: Rendering: //Developer/Adr/ADR-029-TechnicalActorContext.md
Rendering: 142/142 [=] 100% Output format html: Rendering: //Developer/Adr/ADR-030-SiteConfigVaultReadTimeResolution.md
Rendering: 142/142 [=] 100% Output format interlink: Rendering: //Developer/Adr/ADR-030-SiteConfigVaultReadTimeResolution.md
Rendering: 64/78 [>]  82% Output format md: Rendering: //Developer/Adr/ADR-030-SiteConfigVaultReadTimeResolution.md
Rendering: 143/143 [=] 100% Output format html: Rendering: //Developer/Adr/ADR-030-SiteConfigVaultReadTimeResolution.md
Rendering: 143/143 [=] 100% Output format interlink: Rendering: //Developer/Adr/ADR-030-SiteConfigVaultReadTimeResolution.md
Rendering: 143/143 [=] 100% Output format html: Rendering: //Developer/Adr/ADR-031-SharedSecretPatternCatalogue.md
Rendering: 143/143 [=] 100% Output format interlink: Rendering: //Developer/Adr/ADR-031-SharedSecretPatternCatalogue.md
Rendering: 65/78 [>]  83% Output format md: Rendering: //Developer/Adr/ADR-031-SharedSecretPatternCatalogue.md
Rendering: 144/144 [=] 100% Output format html: Rendering: //Developer/Adr/ADR-031-SharedSecretPatternCatalogue.md
Rendering: 144/144 [=] 100% Output format interlink: Rendering: //Developer/Adr/ADR-031-SharedSecretPatternCatalogue.md
Rendering: 144/144 [=] 100% Output format html: Rendering: //Developer/Adr/ADR-032-PortableEnvelopeCodec.md
Rendering: 144/144 [=] 100% Output format interlink: Rendering: //Developer/Adr/ADR-032-PortableEnvelopeCodec.md
Rendering: 66/78 [>]  84% Output format md: Rendering: //Developer/Adr/ADR-032-PortableEnvelopeCodec.md
Rendering: 145/145 [=] 100% Output format html: Rendering: //Developer/Adr/ADR-032-PortableEnvelopeCodec.md
Rendering: 145/145 [=] 100% Output format interlink: Rendering: //Developer/Adr/ADR-032-PortableEnvelopeCodec.md
Rendering: 145/145 [=] 100% Output format html: Rendering: //Developer/Adr/ADR-033-ForeignEnvelopeRotation.md
Rendering: 145/145 [=] 100% Output format interlink: Rendering: //Developer/Adr/ADR-033-ForeignEnvelopeRotation.md
Rendering: 67/78 [>]  85% Output format md: Rendering: //Developer/Adr/ADR-033-ForeignEnvelopeRotation.md
Rendering: 146/146 [=] 100% Output format html: Rendering: //Developer/Adr/ADR-033-ForeignEnvelopeRotation.md
Rendering: 146/146 [=] 100% Output format interlink: Rendering: //Developer/Adr/ADR-033-ForeignEnvelopeRotation.md
Rendering: 146/146 [=] 100% Output format html: Rendering: //Developer/Adr/ADR-034-AuditChainTipAnchor.md
Rendering: 146/146 [=] 100% Output format interlink: Rendering: //Developer/Adr/ADR-034-AuditChainTipAnchor.md
Rendering: 68/78 [>]  87% Output format md: Rendering: //Developer/Adr/ADR-034-AuditChainTipAnchor.md
Rendering: 147/147 [=] 100% Output format html: Rendering: //Developer/Adr/ADR-034-AuditChainTipAnchor.md
Rendering: 147/147 [=] 100% Output format interlink: Rendering: //Developer/Adr/ADR-034-AuditChainTipAnchor.md
Rendering: 147/147 [=] 100% Output format html: Rendering: //Developer/Adr/ADR-035-FrontendPlaceholderAllowSet.md
Rendering: 147/147 [=] 100% Output format interlink: Rendering: //Developer/Adr/ADR-035-FrontendPlaceholderAllowSet.md
Rendering: 69/78 [>]  88% Output format md: Rendering: //Developer/Adr/ADR-035-FrontendPlaceholderAllowSet.md
Rendering: 148/148 [=] 100% Output format html: Rendering: //Developer/Adr/ADR-035-FrontendPlaceholderAllowSet.md
Rendering: 148/148 [=] 100% Output format interlink: Rendering: //Developer/Adr/ADR-035-FrontendPlaceholderAllowSet.md
Rendering: 148/148 [=] 100% Output format html: Rendering: //Developer/Adr/ADR-036-MutationAuditAtomicity.md
Rendering: 148/148 [=] 100% Output format interlink: Rendering: //Developer/Adr/ADR-036-MutationAuditAtomicity.md
Rendering: 70/78 [>]  89% Output format md: Rendering: //Developer/Adr/ADR-036-MutationAuditAtomicity.md
Rendering: 149/149 [=] 100% Output format html: Rendering: //Developer/Adr/ADR-036-MutationAuditAtomicity.md
Rendering: 149/149 [=] 100% Output format interlink: Rendering: //Developer/Adr/ADR-036-MutationAuditAtomicity.md
Rendering: 149/149 [=] 100% Output format html: Rendering: //Developer/Adr/ADR-037-CancellableOutboundSend.md
Rendering: 149/149 [=] 100% Output format interlink: Rendering: //Developer/Adr/ADR-037-CancellableOutboundSend.md
Rendering: 71/78 [>]  91% Output format md: Rendering: //Developer/Adr/ADR-037-CancellableOutboundSend.md
Rendering: 150/150 [=] 100% Output format html: Rendering: //Developer/Adr/ADR-037-CancellableOutboundSend.md
Rendering: 150/150 [=] 100% Output format interlink: Rendering: //Developer/Adr/ADR-037-CancellableOutboundSend.md
Rendering: 150/150 [=] 100% Output format html: Rendering: //Developer/Adr/ADR-038-UnresolvableHostIsRefused.md
Rendering: 150/150 [=] 100% Output format interlink: Rendering: //Developer/Adr/ADR-038-UnresolvableHostIsRefused.md
Rendering: 72/78 [>]  92% Output format md: Rendering: //Developer/Adr/ADR-038-UnresolvableHostIsRefused.md
Rendering: 151/151 [=] 100% Output format html: Rendering: //Developer/Adr/ADR-038-UnresolvableHostIsRefused.md
Rendering: 151/151 [=] 100% Output format interlink: Rendering: //Developer/Adr/ADR-038-UnresolvableHostIsRefused.md
Rendering: 151/151 [=] 100% Output format html: Rendering: //Developer/Adr/ADR-039-StreamingSendKeepsTheDnsPin.md
Rendering: 151/151 [=] 100% Output format interlink: Rendering: //Developer/Adr/ADR-039-StreamingSendKeepsTheDnsPin.md
Rendering: 73/78 [>]  93% Output format md: Rendering: //Developer/Adr/ADR-039-StreamingSendKeepsTheDnsPin.md
Rendering: 152/152 [=] 100% Output format html: Rendering: //Developer/Adr/ADR-039-StreamingSendKeepsTheDnsPin.md
Rendering: 152/152 [=] 100% Output format interlink: Rendering: //Developer/Adr/ADR-039-StreamingSendKeepsTheDnsPin.md
Rendering: 152/152 [=] 100% Output format html: Rendering: //Developer/Adr/ADR-040-CancellableSendBoundsSilence.md
Rendering: 152/152 [=] 100% Output format interlink: Rendering: //Developer/Adr/ADR-040-CancellableSendBoundsSilence.md
Rendering: 74/78 [>]  94% Output format md: Rendering: //Developer/Adr/ADR-040-CancellableSendBoundsSilence.md
Rendering: 153/153 [=] 100% Output format html: Rendering: //Developer/Adr/ADR-040-CancellableSendBoundsSilence.md
Rendering: 153/153 [=] 100% Output format interlink: Rendering: //Developer/Adr/ADR-040-CancellableSendBoundsSilence.md
Rendering: 153/153 [=] 100% Output format html: Rendering: //Developer/Adr/ADR-041-OptInHttpGuardAdapter.md
Rendering: 153/153 [=] 100% Output format interlink: Rendering: //Developer/Adr/ADR-041-OptInHttpGuardAdapter.md
Rendering: 75/78 [>]  96% Output format md: Rendering: //Developer/Adr/ADR-041-OptInHttpGuardAdapter.md
Rendering: 154/154 [=] 100% Output format html: Rendering: //Developer/Adr/ADR-041-OptInHttpGuardAdapter.md
Rendering: 154/154 [=] 100% Output format interlink: Rendering: //Developer/Adr/ADR-041-OptInHttpGuardAdapter.md
Rendering: 154/154 [=] 100% Output format html: Rendering: //Troubleshooting/Index.md
Rendering: 154/154 [=] 100% Output format interlink: Rendering: //Troubleshooting/Index.md
Rendering: 76/78 [>]  97% Output format md: Rendering: //Troubleshooting/Index.md
Rendering: 155/155 [=] 100% Output format html: Rendering: //Troubleshooting/Index.md
Rendering: 155/155 [=] 100% Output format interlink: Rendering: //Troubleshooting/Index.md
Rendering: 155/155 [=] 100% Output format html: Rendering: //Sitemap.md
Rendering: 155/155 [=] 100% Output format interlink: Rendering: //Sitemap.md
Rendering: 77/78 [>]  98% Output format md: Rendering: //Sitemap.md
Rendering: 156/156 [=] 100% Output format html: Rendering: //Sitemap.md
Rendering: 156/156 [=] 100% Output format interlink: Rendering: //Sitemap.md
Rendering: 78/78 [=] 100% Output format md: Rendering: //Sitemap.md
Rendering: 78/78 [=] 100% Output format tocjson: Rendered 78 documents in 0.00 seconds
Rendering: 78/78 [=] 100% Output format sitemapxml: Rendered 78 documents in 0.00 seconds
Rendering: 78/78 [=] 100% Output format classindex: Rendered 78 documents in 0.01 seconds
Rendering: 78/78 [=] 100% Output format confvalindex: Rendered 78 documents in 0.01 seconds
Rendering: 78/78 [=] 100% Output format viewhelpersjson: Rendered 78 documents in 0.01 seconds
Rendering: 78/78 [=] 100% Output format filesjson: Rendered 78 documents in 0.00 seconds
Rendering: 78/78 [=] 100% Output format llmstxt: Rendered 78 documents in 0.00 secondsSuccessfully placed 78 rendered HTML, INTERLINK, MD, TOCJSON, SITEMAPXML, CLASSINDEX, CONFVALINDEX, VIEWHELPERSJSON, FILESJSON, and LLMSTXT files into /project/Documentation-GENERATED-temp

✅ Documentation rendered successfully!
   Output: ./Documentation-GENERATED-temp/Index.html

To view:
   open ./Documentation-GENERATED-temp/Index.html
   # or
   xdg-open ./Documentation-GENERATED-temp/Index.html
