Composer could not detect the root package (netresearch/nr-vault) version, defaulting to '1.0.0'. See https://getcomposer.org/root-version
Installing dependencies from lock file (including require-dev)
Verifying lock file contents can be installed on current platform.
Package operations: 199 installs, 0 updates, 0 removals
  - Downloading typo3/cms-core (v14.3.7)
  - Downloading rector/rector (2.7.0)
  - Installing a9f/fractor-extension-installer (v1.1.0): Extracting archive
  - Installing infection/extension-installer (0.1.2): Extracting archive
  - Installing typo3/cms-composer-installers (v5.0.2): Extracting archive
  - Installing typo3/class-alias-loader (v2.0.1): Extracting archive
  - Installing captainhook/hook-installer (1.0.5): Extracting archive
  - Installing marc-mabe/php-enum (v4.7.2): Extracting archive
  - Installing justinrainbow/json-schema (6.13.1): Extracting archive
  - Installing ergebnis/json-pointer (3.9.0): Extracting archive
  - Installing ergebnis/json (1.7.0): Extracting archive
  - Installing ergebnis/json-schema-validator (4.6.0): Extracting archive
  - Installing ergebnis/json-printer (3.9.0): Extracting archive
  - Installing ergebnis/json-normalizer (4.11.0): Extracting archive
  - Installing localheinz/diff (1.3.0): Extracting archive
  - Installing phpstan/phpstan (2.3.1): Extracting archive
  - Installing phpstan/extension-installer (1.4.3): Extracting archive
  - Installing ergebnis/composer-normalize (2.54.0): Extracting archive
  - Installing symfony/polyfill-ctype (v1.37.0): Extracting archive
  - Installing webmozart/assert (2.5.0): Extracting archive
  - Installing symplify/rule-doc-generator-contracts (11.2.0): Extracting archive
  - Installing nette/utils (v4.1.5): Extracting archive
  - Installing symfony/finder (v7.4.20): Extracting archive
  - Installing symfony/polyfill-mbstring (v1.43.0): Extracting archive
  - Installing symfony/filesystem (v7.4.18): Extracting archive
  - Installing symfony/polyfill-deepclone (v1.43.1): Extracting archive
  - Installing symfony/deprecation-contracts (v3.7.1): Extracting archive
  - Installing symfony/var-exporter (v8.1.6): Extracting archive
  - Installing psr/container (2.0.2): Extracting archive
  - Installing symfony/service-contracts (v3.7.3): Extracting archive
  - Installing symfony/dependency-injection (v7.4.20): Extracting archive
  - Installing symfony/polyfill-intl-normalizer (v1.43.0): Extracting archive
  - Installing symfony/polyfill-intl-grapheme (v1.43.0): Extracting archive
  - Installing symfony/string (v7.4.19): Extracting archive
  - Installing symfony/console (v7.4.20): Extracting archive
  - Installing symfony/config (v7.4.17): Extracting archive
  - Installing sebastian/diff (9.0.1): Extracting archive
  - Installing ondram/ci-detector (4.2.0): Extracting archive
  - Installing league/mime-type-detection (1.17.0): Extracting archive
  - Installing league/flysystem (3.36.0): Extracting archive
  - Installing league/flysystem-local (3.35.3): Extracting archive
  - Installing league/flysystem-memory (3.31.0): Extracting archive
  - Installing a9f/fractor (v1.1.0): Extracting archive
  - Installing a9f/fractor-fluid (v1.1.0): Extracting archive
  - Installing tivie/htaccess-parser (0.4.0): Extracting archive
  - Installing a9f/fractor-htaccess (v1.1.0): Extracting archive
  - Installing symfony/yaml (v7.4.20): Extracting archive
  - Installing helmich/typo3-typoscript-parser (v2.8.1): Extracting archive
  - Installing a9f/fractor-typoscript (v1.1.0): Extracting archive
  - Installing symfony/polyfill-php80 (v1.43.0): Extracting archive
  - Installing simonschaufi/pretty-xml (3.1.1): Extracting archive
  - Installing a9f/fractor-xliff (v1.1.0): Extracting archive
  - Installing a9f/fractor-xml (v1.1.0): Extracting archive
  - Installing a9f/fractor-yaml (v1.1.0): Extracting archive
  - Installing dasprid/enum (1.0.7): Extracting archive
  - Installing bacon/bacon-qr-code (v3.1.1): Extracting archive
  - Installing captainhook/secrets (0.9.7): Extracting archive
  - Installing christian-riesen/base32 (2.0.1): Extracting archive
  - Installing react/event-loop (v1.6.0): Extracting archive
  - Installing evenement/evenement (v3.0.2): Extracting archive
  - Installing react/stream (v1.4.0): Extracting archive
  - Installing clue/ndjson-react (v1.3.0): Extracting archive
  - Installing colinodell/json5 (v3.0.0): Extracting archive
  - Installing psr/log (3.0.2): Extracting archive
  - Installing composer/pcre (3.4.0): Extracting archive
  - Installing composer/xdebug-handler (3.0.5): Extracting archive
  - Installing doctrine/instantiator (2.1.0): Extracting archive
  - Installing doctrine/lexer (3.0.3): Extracting archive
  - Installing enshrined/svg-sanitize (0.22.0): Extracting archive
  - Installing ergebnis/agent-detector (1.2.0): Extracting archive
  - Installing fidry/cpu-core-counter (1.4.1): Extracting archive
  - Installing firebase/php-jwt (v7.2.1): Extracting archive
  - Installing symfony/polyfill-php82 (v1.43.0): Extracting archive
  - Installing psr/http-message (2.0): Extracting archive
  - Installing psr/http-factory (1.1.0): Extracting archive
  - Installing psr/http-client (1.0.3): Extracting archive
  - Installing guzzlehttp/psr7 (3.1.0): Extracting archive
  - Installing guzzlehttp/promises (3.0.2): Extracting archive
  - Installing guzzlehttp/guzzle (8.2.0): Extracting archive
  - Installing infection/abstract-testframework-adapter (0.5.1): Extracting archive
  - Installing infection/include-interceptor (1.0.0): Extracting archive
  - Installing nikic/php-parser (v5.9.0): Extracting archive
  - Installing infection/mutator (0.4.1): Extracting archive
  - Installing lolli42/finediff (1.1.2): Extracting archive
  - Installing mikey179/vfsstream (v1.6.12): Extracting archive
  - Installing myclabs/deep-copy (1.14.0): Extracting archive
  - Installing typo3fluid/fluid (5.3.2): Extracting archive
  - Installing masterminds/html5 (2.11.0): Extracting archive
  - Installing typo3/html-sanitizer (v2.3.2): Extracting archive
  - Installing typo3/cms-cli (v3.1.3): Extracting archive
  - Installing symfony/polyfill-uuid (v1.43.0): Extracting archive
  - Installing symfony/uid (v7.4.20): Extracting archive
  - Installing symfony/translation-contracts (v3.7.1): Extracting archive
  - Installing symfony/translation (v7.4.17): Extracting archive
  - Installing symfony/routing (v7.4.20): Extracting archive
  - Installing symfony/options-resolver (v7.4.8): Extracting archive
  - Installing symfony/rate-limiter (v7.4.18): Extracting archive
  - Installing symfony/process (v7.4.19): Extracting archive
  - Installing symfony/polyfill-php85 (v1.43.0): Extracting archive
  - Installing symfony/polyfill-php84 (v1.43.0): Extracting archive
  - Installing symfony/polyfill-php83 (v1.43.0): Extracting archive
  - Installing symfony/polyfill-intl-idn (v1.43.0): Extracting archive
  - Installing symfony/mime (v7.4.19): Extracting archive
  - Installing psr/clock (1.0.0): Extracting archive
  - Installing symfony/clock (v8.1.0): Extracting archive
  - Installing symfony/messenger (v7.4.20): Extracting archive
  - Installing psr/event-dispatcher (1.0.0): Extracting archive
  - Installing symfony/event-dispatcher-contracts (v3.7.1): Extracting archive
  - Installing symfony/event-dispatcher (v8.1.5): Extracting archive
  - Installing egulias/email-validator (4.0.4): Extracting archive
  - Installing symfony/mailer (v7.4.19): Extracting archive
  - Installing symfony/http-foundation (v7.4.20): Extracting archive
  - Installing psr/cache (3.0.0): Extracting archive
  - Installing symfony/cache-contracts (v3.7.1): Extracting archive
  - Installing symfony/cache (v8.1.8): Extracting archive
  - Installing symfony/expression-language (v7.4.18): Extracting archive
  - Installing doctrine/deprecations (1.1.6): Extracting archive
  - Installing doctrine/dbal (4.4.5): Extracting archive
  - Installing symfony/doctrine-messenger (v7.4.20): Extracting archive
  - Installing psr/http-server-handler (1.0.2): Extracting archive
  - Installing psr/http-server-middleware (1.0.2): Extracting archive
  - Installing composer/semver (3.5.1): Extracting archive
  - Installing composer/class-map-generator (1.8.0): Extracting archive
  - Installing typo3/cms-core (v14.3.7): Extracting archive
  - Installing typo3/cms-frontend (v14.3.7): Extracting archive
  - Installing symfony/validator (v7.4.20): Extracting archive
  - Installing symfony/type-info (v8.1.8): Extracting archive
  - Installing symfony/property-info (v7.4.20): Extracting archive
  - Installing symfony/property-access (v7.4.16): Extracting archive
  - Installing phpstan/phpdoc-parser (2.3.6): Extracting archive
  - Installing phpdocumentor/reflection-common (2.2.1): Extracting archive
  - Installing phpdocumentor/type-resolver (2.1.0): Extracting archive
  - Installing phpdocumentor/reflection-docblock (6.0.3): Extracting archive
  - Installing typo3/cms-extbase (v14.3.7): Extracting archive
  - Installing typo3/cms-fluid (v14.3.7): Extracting archive
  - Installing typo3/cms-backend (v14.3.7): Extracting archive
  - Installing staabm/side-effects-detector (1.0.5): Extracting archive
  - Installing sebastian/version (7.0.1): Extracting archive
  - Installing sebastian/type (7.0.2): Extracting archive
  - Installing sebastian/recursion-context (8.0.1): Extracting archive
  - Installing sebastian/object-enumerator (8.1.0): Extracting archive
  - Installing sebastian/object-reflector (6.1.0): Extracting archive
  - Installing sebastian/global-state (9.0.1): Extracting archive
  - Installing sebastian/git-state (1.0.0): Extracting archive
  - Installing sebastian/file-filter (1.0.0): Extracting archive
  - Installing sebastian/exporter (8.2.1): Extracting archive
  - Installing sebastian/environment (9.3.3): Extracting archive
  - Installing sebastian/comparator (8.4.0): Extracting archive
  - Installing sebastian/cli-parser (5.0.1): Extracting archive
  - Installing phpunit/php-timer (9.0.0): Extracting archive
  - Installing phpunit/php-text-template (6.0.1): Extracting archive
  - Installing phpunit/php-invoker (7.0.0): Extracting archive
  - Installing phpunit/php-file-iterator (7.0.2): Extracting archive
  - Installing theseer/tokenizer (2.0.1): Extracting archive
  - Installing sebastian/lines-of-code (5.0.2): Extracting archive
  - Installing sebastian/complexity (6.0.0): Extracting archive
  - Installing phpunit/php-code-coverage (14.4.1): Extracting archive
  - Installing phar-io/version (3.2.1): Extracting archive
  - Installing phar-io/manifest (2.0.4): Extracting archive
  - Installing phpunit/phpunit (13.4.1): Extracting archive
  - Installing typo3/testing-framework (9.7.0): Extracting archive
  - Installing symfony/polyfill-php81 (v1.38.1): Extracting archive
  - Installing rector/rector (2.7.0): Extracting archive
  - Installing ssch/typo3-rector (v3.16.0): Extracting archive
  - Installing ssch/typo3-debug-dump-pass (v0.0.3): Extracting archive
  - Installing bnf/phpstan-psr-container (1.1.0): Extracting archive
  - Installing saschaegerer/phpstan-typo3 (3.1.0): Extracting archive
  - Installing phpstan/phpstan-strict-rules (2.1.0): Extracting archive
  - Installing phpstan/phpstan-phpunit (2.1.1): Extracting archive
  - Installing phpstan/phpstan-deprecation-rules (2.0.5): Extracting archive
  - Installing phpat/phpat (0.12.5): Extracting archive
  - Installing overtrue/phplint (9.7.2): Extracting archive
  - Installing ulrichsg/getopt-php (v4.0.4): Extracting archive
  - Installing nikic/include-interceptor (v0.1.2): Extracting archive
  - Installing nikic/php-fuzzer (v0.0.11): Extracting archive
  - Installing thecodingmachine/safe (v3.4.0): Extracting archive
  - Installing sanmai/pipeline (7.12): Extracting archive
  - Installing sanmai/later (0.1.8): Extracting archive
  - Installing sanmai/duoclock (0.1.3): Extracting archive
  - Installing sanmai/di-container (0.2): Extracting archive
  - Installing infection/infection (0.35.6): Extracting archive
  - Installing giorgiosironi/eris (1.2.0): Extracting archive
  - Installing symfony/stopwatch (v8.1.0): Extracting archive
  - Installing react/promise (v3.3.0): Extracting archive
  - Installing react/cache (v1.2.0): Extracting archive
  - Installing react/dns (v1.14.0): Extracting archive
  - Installing react/socket (v1.17.0): Extracting archive
  - Installing react/child-process (v0.6.7): Extracting archive
  - Installing friendsofphp/php-cs-fixer (v3.95.27): Extracting archive
  - Installing ergebnis/phpstan-rules (2.14.0): Extracting archive
  - Installing dg/bypass-finals (v1.11.0): Extracting archive
  - Installing sebastianfeldmann/cli (3.4.2): Extracting archive
  - Installing sebastianfeldmann/git (3.16.0): Extracting archive
  - Installing sebastianfeldmann/camino (0.9.5): Extracting archive
  - Installing captainhook/captainhook (5.29.2): Extracting archive
  - Installing a9f/typo3-fractor (v1.1.0): Extracting archive
  - Installing netresearch/typo3-ci-workflows (v1.12.0): Extracting archive
  - Installing roave/security-advisories (dev-latest e2f95ea)
  - Installing typo3/cms-dashboard (v14.3.7): Extracting archive
  - Installing typo3/cms-install (v14.3.7): Extracting archive
  - Installing typo3/cms-scheduler (v14.3.7): Extracting archive
Package symplify/rule-doc-generator-contracts is abandoned, you should avoid using it. No replacement was suggested.
Generating autoload files
Generating class alias map file
Publishing assets from extensions…
done.
126 packages you are using are looking for funding.
Use the `composer fund` command to find out more!

[audit-responsibility] Running post-install responsibility-aware security audit...
[audit-responsibility] Suppressed 3 advisory/ies for platform-only dependencies (framework responsibility):
  - PKSA-8j6w-3kr7-s9xk (Platform dependency via typo3/cms-backend, typo3/cms-cli, typo3/cms-composer-installers, typo3/cms-core)
  - PKSA-6j95-1jtb-x6wc (Platform dependency via typo3/cms-backend, typo3/cms-cli, typo3/cms-composer-installers, typo3/cms-core)
  - PKSA-cbx2-m9db-bmzd (Platform dependency via typo3/cms-backend, typo3/cms-cli, typo3/cms-composer-installers, typo3/cms-core)

[audit-responsibility] No security advisories in YOUR dependencies. All clear.
infection/extension-installer: No extensions found
CaptainHook Hook Installer
  - Detect executable: /tmp/http-guard-kan-8VPVrN/vault/.Build/bin/captainhook
  - Detect configuration: captainhook.json
  - Install hooks: bootstrap file not found

In ComposerPlugin.php line 257:
                                                                               
  Shiver me timbers! CaptainHook could not install yer git hooks! (installati  
  on process failed)                                                           
                                                                               

install [--prefer-source] [--prefer-dist] [--prefer-install PREFER-INSTALL] [--dry-run] [--download-only] [--dev] [--no-suggest] [--no-dev] [--no-security-blocking] [--no-blocking] [--no-autoloader] [--no-progress] [--no-install] [--audit] [--audit-format AUDIT-FORMAT] [-v|vv|vvv|--verbose] [-o|--optimize-autoloader] [-a|--classmap-authoritative] [--strict-psr-autoloader] [--apcu-autoloader] [--apcu-autoloader-prefix APCU-AUTOLOADER-PREFIX] [--ignore-platform-req IGNORE-PLATFORM-REQ] [--ignore-platform-reqs] [--] [<packages>...]

