Composer could not detect the root package (netresearch/nr-vault) version, defaulting to '1.0.0'. See https://getcomposer.org/root-version
./composer.json has been updated
Composer could not detect the root package (netresearch/nr-vault) version, defaulting to '1.0.0'. See https://getcomposer.org/root-version
Running composer update guzzlehttp/guzzle guzzlehttp/promises guzzlehttp/psr7 --with-all-dependencies
Loading composer repositories with package information
Cannot create cache directory /.composer/cache/repo/https---repo.packagist.org/, or directory is not writable. Proceeding without cache. See also cache-read-only config if your filesystem is read-only.
Updating dependencies
Lock file operations: 1 install, 3 updates, 1 removal
  - Removing symfony/polyfill-php82 (v1.43.0)
  - Downgrading guzzlehttp/guzzle (8.2.0 => 7.15.5)
  - Downgrading guzzlehttp/promises (3.0.2 => 2.5.3)
  - Downgrading guzzlehttp/psr7 (3.1.0 => 2.13.1)
  - Locking ralouphie/getallheaders (3.0.3)
Writing lock file
Installing dependencies from lock file (including require-dev)
Package operations: 1 install, 3 updates, 1 removal
Cannot create cache directory /.composer/cache/files/, or directory is not writable. Proceeding without cache. See also cache-read-only config if your filesystem is read-only.
  - Downloading ralouphie/getallheaders (3.0.3)
  - Downloading guzzlehttp/psr7 (2.13.1)
  - Downloading guzzlehttp/promises (2.5.3)
  - Downloading guzzlehttp/guzzle (7.15.5)
 0/4 [>---------------------------]   0%
 4/4 [============================] 100%
  - Removing symfony/polyfill-php82 (v1.43.0)
  - Installing ralouphie/getallheaders (3.0.3): Extracting archive
  - Downgrading guzzlehttp/psr7 (3.1.0 => 2.13.1): Extracting archive
  - Downgrading guzzlehttp/promises (3.0.2 => 2.5.3): Extracting archive
  - Downgrading guzzlehttp/guzzle (8.2.0 => 7.15.5): Extracting archive
 0/4 [>---------------------------]   0%
 4/4 [============================] 100%
Package symplify/rule-doc-generator-contracts is abandoned, you should avoid using it. No replacement was suggested.
Generating autoload files
125 packages you are using are looking for funding.
Use the `composer fund` command to find out more!
Found 3 security vulnerability advisories affecting 1 package.
Run "composer audit" for a full list of advisories.
