runTests.sh: phpstan config: phpstan.neon is not the standard location (Build/phpstan/phpstan.neon)
runTests.sh: rector config: rector.php is not the standard location (Build/rector/rector.php)
runTests.sh: fractor config: fractor.php is not the standard location (Build/fractor/fractor.php)
runTests.sh: infection config: infection.json5 is not the standard location (infection.json.dist)
You are running PHP CS Fixer on PHP 8.5.10, but the minimum PHP version supported by your project in composer.json is PHP 8.2. Executing PHP CS Fixer on newer PHP versions may introduce syntax or features not yet available in PHP 8.2, which could cause issues under that version. It is recommended to run PHP CS Fixer on PHP 8.2, to fit your project specifics.
If you need help while solving warnings, ask at https://github.com/PHP-CS-Fixer/PHP-CS-Fixer/discussions/, we will help you!

PHP CS Fixer 3.95.27 Adalbertus by Fabien Potencier, Dariusz Ruminski and contributors.
PHP runtime: 8.5.10
Loaded config default from ".php-cs-fixer.dist.php".
Running analysis on 31 cores with 10 files per process.
Using cache file ".php-cs-fixer.cache".
   0/595 [░░░░░░░░░░░░░░░░░░░░░░░░░░░░]   0%
 357/595 [▓▓▓▓▓▓▓▓▓▓▓▓▓▓▓▓░░░░░░░░░░░░]  60%
 595/595 [▓▓▓▓▓▓▓▓▓▓▓▓▓▓▓▓▓▓▓▓▓▓▓▓▓▓▓▓] 100%

   1) Tests/Functional/Http/Fixtures/guard-router.php (declare_parentheses, trailing_comma_in_multiline, blank_line_before_statement)
   2) Tests/Functional/Http/GuardAdapterTest.php (ordered_class_elements, class_attributes_separation, new_with_parentheses, class_definition, function_declaration, method_argument_space, native_function_invocation, trailing_comma_in_multiline, braces_position, single_line_empty_body, no_extra_blank_lines, blank_line_before_statement, ordered_imports)

Fixed 2 of 595 files in 0.355 seconds, 38.00 MB memory used

Detected deprecations in use (they will stop working in next major release):
- Rule set "@PHP82Migration" is deprecated. Use "@PHP8x2Migration" instead.

###########################################################################
Result of cgl
Container runtime: docker
Environment: CI
PHP: 8.5
SUCCESS
###########################################################################

