runTests.sh: phpstan config: phpstan.neon is not the standard location (Build/phpstan/phpstan.neon)
runTests.sh: rector config: rector.php is not the standard location (Build/rector/rector.php)
runTests.sh: fractor config: fractor.php is not the standard location (Build/fractor/fractor.php)
runTests.sh: infection config: infection.json5 is not the standard location (infection.json.dist)
PHPUnit 13.4.1 by Sebastian Bergmann and contributors.

Runtime:       PHP 8.5.10
Configuration: /tmp/http-guard-kan-8VPVrN/vault-guzzle7/Build/phpunit.xml
Random Seed:   1791498230

.............................................................   61 / 3978 (  1%)
.............................................................  122 / 3978 (  3%)
.............................................................  183 / 3978 (  4%)
.............................................................  244 / 3978 (  6%)
.............................................................  305 / 3978 (  7%)
.............................................................  366 / 3978 (  9%)
.............................................................  427 / 3978 ( 10%)
.............................................................  488 / 3978 ( 12%)
.............................................................  549 / 3978 ( 13%)
.............................................................  610 / 3978 ( 15%)
.............................................................  671 / 3978 ( 16%)
.............................................................  732 / 3978 ( 18%)
.............................................................  793 / 3978 ( 19%)
.............................................................  854 / 3978 ( 21%)
.............................................................  915 / 3978 ( 23%)
.............................................................  976 / 3978 ( 24%)
............................................................. 1037 / 3978 ( 26%)
............................................................. 1098 / 3978 ( 27%)
............................................................. 1159 / 3978 ( 29%)
............................................................. 1220 / 3978 ( 30%)
............................................................. 1281 / 3978 ( 32%)
............................................................. 1342 / 3978 ( 33%)
............................................................. 1403 / 3978 ( 35%)
............................................................. 1464 / 3978 ( 36%)
............................................................. 1525 / 3978 ( 38%)
............................................................. 1586 / 3978 ( 39%)
............................................................. 1647 / 3978 ( 41%)
............................................................. 1708 / 3978 ( 42%)
............................................................. 1769 / 3978 ( 44%)
............................................................. 1830 / 3978 ( 46%)
............................................................. 1891 / 3978 ( 47%)
............................................................. 1952 / 3978 ( 49%)
............................................................. 2013 / 3978 ( 50%)
............................................................. 2074 / 3978 ( 52%)
............................................................. 2135 / 3978 ( 53%)
............................................................. 2196 / 3978 ( 55%)
............................................................. 2257 / 3978 ( 56%)
............................................................. 2318 / 3978 ( 58%)
............................................................. 2379 / 3978 ( 59%)
............................................................. 2440 / 3978 ( 61%)
............................................................. 2501 / 3978 ( 62%)
............................................................. 2562 / 3978 ( 64%)
............................................................. 2623 / 3978 ( 65%)
............................................................. 2684 / 3978 ( 67%)
............................................................. 2745 / 3978 ( 69%)
............................................................. 2806 / 3978 ( 70%)
............................................................. 2867 / 3978 ( 72%)
............................................................. 2928 / 3978 ( 73%)
............................................................. 2989 / 3978 ( 75%)
............................................................. 3050 / 3978 ( 76%)
............................................................. 3111 / 3978 ( 78%)
............................................................. 3172 / 3978 ( 79%)
............................................................. 3233 / 3978 ( 81%)
............................................................. 3294 / 3978 ( 82%)
............................................................. 3355 / 3978 ( 84%)
............................................................. 3416 / 3978 ( 85%)
............................................................. 3477 / 3978 ( 87%)
............................................................. 3538 / 3978 ( 88%)
............................................................. 3599 / 3978 ( 90%)
............................................................. 3660 / 3978 ( 92%)
............................................................. 3721 / 3978 ( 93%)
............................................................. 3782 / 3978 ( 95%)
............................................................. 3843 / 3978 ( 96%)
............................................................. 3904 / 3978 ( 98%)
............................................................. 3965 / 3978 ( 99%)
.............                                                 3978 / 3978 (100%)

Time: 00:06.350, Memory: 64.00 MB

[30;42mOK (3978 tests, 14866 assertions)[0m

###########################################################################
Result of unit
Container runtime: docker
Environment: CI
PHP: 8.5
SUCCESS
###########################################################################

