runTests.sh: phpstan config: phpstan.neon is not the standard location (Build/phpstan/phpstan.neon)
runTests.sh: rector config: rector.php is not the standard location (Build/rector/rector.php)
runTests.sh: fractor config: fractor.php is not the standard location (Build/fractor/fractor.php)
runTests.sh: infection config: infection.json5 is not the standard location (infection.json.dist)
PHPUnit 13.4.1 by Sebastian Bergmann and contributors.

Runtime:       PHP 8.5.10
Configuration: /tmp/http-guard-kan-8VPVrN/vault/Build/phpunit.xml
Random Seed:   1791497371

.............................................................   61 / 3978 (  1%)
.............................................................  122 / 3978 (  3%)
.............................................................  183 / 3978 (  4%)
.............................................................  244 / 3978 (  6%)
.............................................................  305 / 3978 (  7%)
.............................................................  366 / 3978 (  9%)
.............................................................  427 / 3978 ( 10%)
.............................................................  488 / 3978 ( 12%)
.............................................................  549 / 3978 ( 13%)
.............................................................  610 / 3978 ( 15%)
.............................................................  671 / 3978 ( 16%)
.............................................................  732 / 3978 ( 18%)
.............................................................  793 / 3978 ( 19%)
.............................................................  854 / 3978 ( 21%)
.............................................................  915 / 3978 ( 23%)
.............................................................  976 / 3978 ( 24%)
............................................................. 1037 / 3978 ( 26%)
............................................................. 1098 / 3978 ( 27%)
............................................................. 1159 / 3978 ( 29%)
............................................................. 1220 / 3978 ( 30%)
............................................................. 1281 / 3978 ( 32%)
............................................................. 1342 / 3978 ( 33%)
............................................................. 1403 / 3978 ( 35%)
............................................................. 1464 / 3978 ( 36%)
............................................................. 1525 / 3978 ( 38%)
............................................................. 1586 / 3978 ( 39%)
............................................................. 1647 / 3978 ( 41%)
............................................................. 1708 / 3978 ( 42%)
............................................................. 1769 / 3978 ( 44%)
............................................................. 1830 / 3978 ( 46%)
............................................................. 1891 / 3978 ( 47%)
............................................................. 1952 / 3978 ( 49%)
............................................................. 2013 / 3978 ( 50%)
............................................................. 2074 / 3978 ( 52%)
............................................................. 2135 / 3978 ( 53%)
............................................................. 2196 / 3978 ( 55%)
............................................................. 2257 / 3978 ( 56%)
............................................................. 2318 / 3978 ( 58%)
............................................................. 2379 / 3978 ( 59%)
............................................................. 2440 / 3978 ( 61%)
............................................................. 2501 / 3978 ( 62%)
............................................................. 2562 / 3978 ( 64%)
............................................................. 2623 / 3978 ( 65%)
............................................................. 2684 / 3978 ( 67%)
............................................................. 2745 / 3978 ( 69%)
............................................................. 2806 / 3978 ( 70%)
............................................................. 2867 / 3978 ( 72%)
............................................................. 2928 / 3978 ( 73%)
............................................................. 2989 / 3978 ( 75%)
............................................................. 3050 / 3978 ( 76%)
............................................................. 3111 / 3978 ( 78%)
............................................................. 3172 / 3978 ( 79%)
.....................[41;37mF[0m....................................... 3233 / 3978 ( 81%)
............................................................. 3294 / 3978 ( 82%)
............................................................. 3355 / 3978 ( 84%)
............................................................. 3416 / 3978 ( 85%)
............................................................. 3477 / 3978 ( 87%)
............................................................. 3538 / 3978 ( 88%)
............................................................. 3599 / 3978 ( 90%)
............................................................. 3660 / 3978 ( 92%)
............................................................. 3721 / 3978 ( 93%)
............................................................. 3782 / 3978 ( 95%)
............................................................. 3843 / 3978 ( 96%)
............................................................. 3904 / 3978 ( 98%)
............................................................. 3965 / 3978 ( 99%)
.............                                                 3978 / 3978 (100%)

Time: 00:06.250, Memory: 64.00 MB

There was 1 failure:

1) Netresearch\NrVault\Tests\Unit\Api\ApiSurfaceSnapshotTest::renderedPublicSurfaceMatchesTheCommittedSnapshot
The rendered public surface differs from Tests/Unit/Api/api-surface.txt.

ADDITIVE — 3 added, 0 removed, 0 changed, 0 breaking implementers. Nothing was removed, no existing signature changed and no extension point gained a method, so neither a caller nor an implementation breaks.

What to do: regenerate the snapshot (delete Tests/Unit/Api/api-surface.txt, run the unit suite twice) and note the addition under "### Added" in CHANGELOG.md.

added:
  + Netresearch\NrVault\Http\CancellableTransport (class)
  + Netresearch\NrVault\Http\Guard\VaultGuardAdapterInterface (interface)
  + Netresearch\NrVault\Http\SecureHttpClientFactory (class)
Failed asserting that two strings are identical.
--- Expected
+++ Actual
@@ @@
   method sendCancellable(Psr\Http\Message\RequestInterface $request, Netresearch\NrVault\Http\CancellationSignalInterface $signal): Psr\Http\Message\ResponseInterface
   method supportsCancellation(): bool
 
+Netresearch\NrVault\Http\CancellableTransport (class)
+  constructor(GuzzleHttp\ClientInterface $client, Netresearch\NrVault\Http\TransportTickerInterface $ticker, float $wallClockBudgetSeconds, ?float $idleBudgetSeconds = …)
+  method client(): GuzzleHttp\ClientInterface
+  method idleBudgetSeconds(): ?float
+  method ticker(): Netresearch\NrVault\Http\TransportTickerInterface
+  method wallClockBudgetSeconds(): float
+
 Netresearch\NrVault\Http\CancellationSignalInterface (interface, extension point)
   method isCancelled(): bool
 
@@ @@
 Netresearch\NrVault\Http\DnsResolverInterface (interface)
   method resolve(string $host): array
 
+Netresearch\NrVault\Http\Guard\VaultGuardAdapterInterface (interface)
+  method assertRequestAllowed(Psr\Http\Message\RequestInterface $request): void
+  method create(array $platformOptions): Psr\Http\Client\ClientInterface
+  method createCancellable(array $platformOptions, float $wallClockBudgetSeconds, ?float $idleBudgetSeconds): ?Netresearch\NrVault\Http\CancellableTransport
+  method isHostAllowed(string $host): bool
+  method mode(): string
+  method tokenFactory(): ?Netresearch\NrVault\Http\SecureHttpClientFactory
+
 Netresearch\NrVault\Http\OAuth\OAuthConfig (class)
   constructor(string $tokenEndpoint, string $clientIdSecret, string $clientSecretSecret, string $grantType = …, ?string $refreshTokenSecret = …, array $scopes = …, int $tokenExpiryBuffer = …, array $additionalParams = …)
   method getScopesString(): string
@@ @@
   method static tryFrom(int|string $value): ?static
   property readonly name: string
   property readonly value: string
+
+Netresearch\NrVault\Http\SecureHttpClientFactory (class)
+  const STREAMING_IDLE_BUDGET_SECONDS = 60
+  constructor(Netresearch\NrVault\Http\DnsResolverInterface $dnsResolver = …, ?Netresearch\NrVault\Http\Guard\VaultGuardAdapterInterface $guardAdapter = …)
+  method assertRequestAllowed(Psr\Http\Message\RequestInterface $request): void
+  method create(?int $timeoutSeconds = …): Psr\Http\Client\ClientInterface
+  method createCancellable(?int $timeoutSeconds = …): ?Netresearch\NrVault\Http\CancellableTransport
+  method guardMode(): ?string
+  method guardTokenFactory(): ?self
+  method isGuardEnabled(): bool
+  method isHostAllowed(string $host): bool
+  method withDiagnosticOptions(GuzzleHttp\ClientInterface $client, array $platformOptions, ?callable $diagnosticMiddleware = …): GuzzleHttp\ClientInterface&Psr\Http\Client\ClientInterface
 
 Netresearch\NrVault\Http\StreamingHttpClientInterface (interface)
   method sendStreaming(Psr\Http\Message\RequestInterface $request, ?Netresearch\NrVault\Http\CancellationSignalInterface $signal = …): Psr\Http\Message\ResponseInterface

/tmp/http-guard-kan-8VPVrN/vault/Tests/Unit/Api/ApiSurfaceSnapshotTest.php:115

[37;41mFAILURES![0m
[37;41mTests: 3978[0m[37;41m, Assertions: 14866[0m[37;41m, Failures: 1[0m[37;41m.[0m

###########################################################################
Result of unit
Container runtime: docker
Environment: CI
PHP: 8.5
FAILURE
###########################################################################

