runTests.sh: phpstan config: phpstan.neon is not the standard location (Build/phpstan/phpstan.neon)
runTests.sh: rector config: rector.php is not the standard location (Build/rector/rector.php)
runTests.sh: fractor config: fractor.php is not the standard location (Build/fractor/fractor.php)
runTests.sh: infection config: infection.json5 is not the standard location (infection.json.dist)
PHPUnit 13.4.1 by Sebastian Bergmann and contributors.

Runtime:       PHP 8.5.10
Configuration: /tmp/http-guard-kan-8VPVrN/vault/Build/phpunit.xml
Random Seed:   1791497371

.............................................................   61 / 1612 (  3%)
.............................................................  122 / 1612 (  7%)
.............................................................  183 / 1612 ( 11%)
.............................................................  244 / 1612 ( 15%)
.............................................................  305 / 1612 ( 18%)
.............................................................  366 / 1612 ( 22%)
.............................................................  427 / 1612 ( 26%)
.............................................................  488 / 1612 ( 30%)
.............................................................  549 / 1612 ( 34%)
.............................................................  610 / 1612 ( 37%)
.............................................................  671 / 1612 ( 41%)
.............................................................  732 / 1612 ( 45%)
.............................................................  793 / 1612 ( 49%)
.............................................................  854 / 1612 ( 52%)
.............................................................  915 / 1612 ( 56%)
.............................................................  976 / 1612 ( 60%)
............................................................. 1037 / 1612 ( 64%)
............................................................. 1098 / 1612 ( 68%)
............................................................. 1159 / 1612 ( 71%)
............................................................. 1220 / 1612 ( 75%)
............................................................. 1281 / 1612 ( 79%)
............................................................. 1342 / 1612 ( 83%)
............................................................. 1403 / 1612 ( 87%)
............................................................. 1464 / 1612 ( 90%)
............................................................. 1525 / 1612 ( 94%)
............................................................. 1586 / 1612 ( 98%)
..........................                                    1612 / 1612 (100%)

Time: 00:00.772, Memory: 30.00 MB

[30;42mOK (1612 tests, 7146 assertions)[0m

###########################################################################
Result of fuzz
Container runtime: docker
Environment: CI
PHP: 8.5
SUCCESS
###########################################################################

